Copyright 1986-2022 Xilinx, Inc. All Rights Reserved. Copyright 2022-2025 Advanced Micro Devices, Inc. All Rights Reserved.
-----------------------------------------------------------------------------------------------------------------------------------------------------------------------
| Tool Version      : Vivado v.2025.2 (lin64) Build 6299465 Fri Nov 14 12:34:56 MST 2025
| Date              : Fri Jun 12 13:54:16 2026
| Host              : jotshawlinux-Legion running 64-bit Ubuntu 24.04.4 LTS
| Command           : report_timing_summary -file /home/jotshawlinux/Downloads/cxl-kv-forge-qos/results/impl/strategy_Performance_ExtraTimingOpt/post_route_timing.rpt
| Design            : kvq_phase1_bd_wrapper
| Device            : xczu7ev-ffvc1156
| Speed File        : -2  PRODUCTION 1.30 05-15-2022
| Design State      : Physopt postRoute
| Temperature Grade : E
-----------------------------------------------------------------------------------------------------------------------------------------------------------------------

Timing Summary Report

------------------------------------------------------------------------------------------------
| Timer Settings
| --------------
------------------------------------------------------------------------------------------------

  Enable Multi Corner Analysis               :  Yes
  Enable Pessimism Removal                   :  Yes
  Pessimism Removal Resolution               :  Nearest Common Node
  Enable Input Delay Default Clock           :  No
  Enable Preset / Clear Arcs                 :  No
  Disable Flight Delays                      :  No
  Ignore I/O Paths                           :  No
  Timing Early Launch at Borrowing Latches   :  No
  Borrow Time for Max Delay Exceptions       :  Yes
  Merge Timing Exceptions                    :  Yes
  Inter-SLR Compensation                     :  Conservative

  Corner  Analyze    Analyze    
  Name    Max Paths  Min Paths  
  ------  ---------  ---------  
  Slow    Yes        Yes        
  Fast    Yes        Yes        


------------------------------------------------------------------------------------------------
| Report Methodology
| ------------------
------------------------------------------------------------------------------------------------

Rule     Severity  Description                                 Violations  
-------  --------  ------------------------------------------  ----------  
CLKC-56  Advisory  MMCME4 with global clock driver has no LOC  1           

Note: This report is based on the most recent report_methodology run and may not be up-to-date. Run report_methodology on the current design for the latest report.



check_timing report

Table of Contents
-----------------
1. checking no_clock (0)
2. checking constant_clock (0)
3. checking pulse_width_clock (0)
4. checking unconstrained_internal_endpoints (0)
5. checking no_input_delay (0)
6. checking no_output_delay (0)
7. checking multiple_clock (0)
8. checking generated_clocks (0)
9. checking loops (0)
10. checking partial_input_delay (0)
11. checking partial_output_delay (0)
12. checking latch_loops (0)

1. checking no_clock (0)
------------------------
 There are 0 register/latch pins with no clock.


2. checking constant_clock (0)
------------------------------
 There are 0 register/latch pins with constant_clock.


3. checking pulse_width_clock (0)
---------------------------------
 There are 0 register/latch pins which need pulse_width check


4. checking unconstrained_internal_endpoints (0)
------------------------------------------------
 There are 0 pins that are not constrained for maximum delay.

 There are 0 pins that are not constrained for maximum delay due to constant clock.


5. checking no_input_delay (0)
------------------------------
 There are 0 input ports with no input delay specified.

 There are 0 input ports with no input delay but user has a false path constraint.


6. checking no_output_delay (0)
-------------------------------
 There are 0 ports with no output delay specified.

 There are 0 ports with no output delay but user has a false path constraint

 There are 0 ports with no output delay but with a timing clock defined on it or propagating through it


7. checking multiple_clock (0)
------------------------------
 There are 0 register/latch pins with multiple clocks.


8. checking generated_clocks (0)
--------------------------------
 There are 0 generated clocks that are not connected to a clock source.


9. checking loops (0)
---------------------
 There are 0 combinational loops in the design.


10. checking partial_input_delay (0)
------------------------------------
 There are 0 input ports with partial input delay specified.


11. checking partial_output_delay (0)
-------------------------------------
 There are 0 ports with partial output delay specified.


12. checking latch_loops (0)
----------------------------
 There are 0 combinational latch loops in the design through latch input



------------------------------------------------------------------------------------------------
| Design Timing Summary
| ---------------------
------------------------------------------------------------------------------------------------

    WNS(ns)      TNS(ns)  TNS Failing Endpoints  TNS Total Endpoints      WHS(ns)      THS(ns)  THS Failing Endpoints  THS Total Endpoints     WPWS(ns)     TPWS(ns)  TPWS Failing Endpoints  TPWS Total Endpoints  
    -------      -------  ---------------------  -------------------      -------      -------  ---------------------  -------------------     --------     --------  ----------------------  --------------------  
     -0.012       -0.039                      7                77321        0.010        0.000                      0                77321       -0.500       -2.000                       4                 31117  


Timing constraints are not met.


------------------------------------------------------------------------------------------------
| Clock Summary
| -------------
------------------------------------------------------------------------------------------------

Clock                                 Waveform(ns)         Period(ns)      Frequency(MHz)
-----                                 ------------         ----------      --------------
clk_pl_0                              {0.000 5.156}        10.312          96.974          
  clk_out1_kvq_phase1_bd_clk_wiz_0_0  {0.000 1.250}        2.500           400.019         


------------------------------------------------------------------------------------------------
| Intra Clock Table
| -----------------
------------------------------------------------------------------------------------------------

Clock                                     WNS(ns)      TNS(ns)  TNS Failing Endpoints  TNS Total Endpoints      WHS(ns)      THS(ns)  THS Failing Endpoints  THS Total Endpoints     WPWS(ns)     TPWS(ns)  TPWS Failing Endpoints  TPWS Total Endpoints  
-----                                     -------      -------  ---------------------  -------------------      -------      -------  ---------------------  -------------------     --------     --------  ----------------------  --------------------  
clk_pl_0                                                                                                                                                                                2.062        0.000                       0                     1  
  clk_out1_kvq_phase1_bd_clk_wiz_0_0       -0.012       -0.039                      7                70125        0.010        0.000                      0                70125       -0.500       -2.000                       4                 31116  


------------------------------------------------------------------------------------------------
| Inter Clock Table
| -----------------
------------------------------------------------------------------------------------------------

From Clock    To Clock          WNS(ns)      TNS(ns)  TNS Failing Endpoints  TNS Total Endpoints      WHS(ns)      THS(ns)  THS Failing Endpoints  THS Total Endpoints  
----------    --------          -------      -------  ---------------------  -------------------      -------      -------  ---------------------  -------------------  


------------------------------------------------------------------------------------------------
| Other Path Groups Table
| -----------------------
------------------------------------------------------------------------------------------------

Path Group                          From Clock                          To Clock                                WNS(ns)      TNS(ns)  TNS Failing Endpoints  TNS Total Endpoints      WHS(ns)      THS(ns)  THS Failing Endpoints  THS Total Endpoints  
----------                          ----------                          --------                                -------      -------  ---------------------  -------------------      -------      -------  ---------------------  -------------------  
**async_default**                   clk_out1_kvq_phase1_bd_clk_wiz_0_0  clk_out1_kvq_phase1_bd_clk_wiz_0_0        0.033        0.000                      0                 7196        0.088        0.000                      0                 7196  


------------------------------------------------------------------------------------------------
| Timing Details
| --------------
------------------------------------------------------------------------------------------------


---------------------------------------------------------------------------------------------------
From Clock:  clk_pl_0
  To Clock:  clk_pl_0

Setup :           NA  Failing Endpoints,  Worst Slack           NA  ,  Total Violation           NA
Hold  :           NA  Failing Endpoints,  Worst Slack           NA  ,  Total Violation           NA
PW    :            0  Failing Endpoints,  Worst Slack        2.062ns,  Total Violation        0.000ns
---------------------------------------------------------------------------------------------------


Pulse Width Checks
--------------------------------------------------------------------------------------
Clock Name:         clk_pl_0
Waveform(ns):       { 0.000 5.156 }
Period(ns):         10.312
Sources:            { kvq_phase1_bd_i/ps_e_0/inst/PS8_i/PLCLK[0] }

Check Type        Corner  Lib Pin            Reference Pin  Required(ns)  Actual(ns)  Slack(ns)  Location   Pin
Min Period        n/a     MMCME4_ADV/CLKIN1  n/a            1.071         10.312      9.241      MMCM_X1Y0  kvq_phase1_bd_i/clk_wiz_0/inst/mmcme4_adv_inst/CLKIN1
Max Period        n/a     MMCME4_ADV/CLKIN1  n/a            100.000       10.312      89.688     MMCM_X1Y0  kvq_phase1_bd_i/clk_wiz_0/inst/mmcme4_adv_inst/CLKIN1
Low Pulse Width   Slow    MMCME4_ADV/CLKIN1  n/a            3.094         5.156       2.062      MMCM_X1Y0  kvq_phase1_bd_i/clk_wiz_0/inst/mmcme4_adv_inst/CLKIN1
High Pulse Width  Slow    MMCME4_ADV/CLKIN1  n/a            3.094         5.156       2.062      MMCM_X1Y0  kvq_phase1_bd_i/clk_wiz_0/inst/mmcme4_adv_inst/CLKIN1



---------------------------------------------------------------------------------------------------
From Clock:  clk_out1_kvq_phase1_bd_clk_wiz_0_0
  To Clock:  clk_out1_kvq_phase1_bd_clk_wiz_0_0

Setup :            7  Failing Endpoints,  Worst Slack       -0.012ns,  Total Violation       -0.039ns
Hold  :            0  Failing Endpoints,  Worst Slack        0.010ns,  Total Violation        0.000ns
PW    :            4  Failing Endpoints,  Worst Slack       -0.500ns,  Total Violation       -2.000ns
---------------------------------------------------------------------------------------------------


Max Delay Paths
--------------------------------------------------------------------------------------
Slack (VIOLATED) :        -0.012ns  (required time - arrival time)
  Source:                 kvq_phase1_bd_i/kvq_top_0/inst/u_kvq_top/u_arb/t1_w_reg[0][slack][8]/C
                            (rising edge-triggered cell FDCE clocked by clk_out1_kvq_phase1_bd_clk_wiz_0_0  {rise@0.000ns fall@1.250ns period=2.500ns})
  Destination:            kvq_phase1_bd_i/kvq_top_0/inst/u_kvq_top/u_arb/t2_w_reg[0][req][tenant_id][14]/D
                            (rising edge-triggered cell FDCE clocked by clk_out1_kvq_phase1_bd_clk_wiz_0_0  {rise@0.000ns fall@1.250ns period=2.500ns})
  Path Group:             clk_out1_kvq_phase1_bd_clk_wiz_0_0
  Path Type:              Setup (Max at Slow Process Corner)
  Requirement:            2.500ns  (clk_out1_kvq_phase1_bd_clk_wiz_0_0 rise@2.500ns - clk_out1_kvq_phase1_bd_clk_wiz_0_0 rise@0.000ns)
  Data Path Delay:        2.384ns  (logic 0.592ns (24.834%)  route 1.792ns (75.166%))
  Logic Levels:           5  (CARRY8=2 LUT4=2 LUT6=1)
  Clock Path Skew:        -0.096ns (DCD - SCD + CPR)
    Destination Clock Delay (DCD):    4.843ns = ( 7.343 - 2.500 ) 
    Source Clock Delay      (SCD):    4.617ns
    Clock Pessimism Removal (CPR):    -0.322ns
  Clock Uncertainty:      0.057ns  ((TSJ^2 + DJ^2)^1/2) / 2 + PE
    Total System Jitter     (TSJ):    0.071ns
    Discrete Jitter          (DJ):    0.090ns
    Phase Error              (PE):    0.000ns
  Clock Net Delay (Source):      2.261ns (routing 0.891ns, distribution 1.370ns)
  Clock Net Delay (Destination): 2.010ns (routing 0.810ns, distribution 1.200ns)

    Location             Delay type                Incr(ns)  Path(ns)    Netlist Resource(s)
  -------------------------------------------------------------------    -------------------
                         (clock clk_out1_kvq_phase1_bd_clk_wiz_0_0 rise edge)
                                                      0.000     0.000 r  
    PS8_X0Y0             PS8                          0.000     0.000 r  kvq_phase1_bd_i/ps_e_0/inst/PS8_i/PLCLK[0]
                         net (fo=1, routed)           0.180     0.180    kvq_phase1_bd_i/ps_e_0/inst/pl_clk_unbuffered[0]
    BUFG_PS_X0Y80        BUFG_PS (Prop_BUFG_PS_I_O)
                                                      0.028     0.208 r  kvq_phase1_bd_i/ps_e_0/inst/buffer_pl_clk_0.PL_CLK_0_BUFG/O
                         net (fo=1, routed)           2.002     2.210    kvq_phase1_bd_i/clk_wiz_0/inst/clk_in1
    MMCM_X1Y0            MMCME4_ADV (Prop_MMCM_CLKIN1_CLKOUT0)
                                                     -0.127     2.083 r  kvq_phase1_bd_i/clk_wiz_0/inst/mmcme4_adv_inst/CLKOUT0
                         net (fo=1, routed)           0.245     2.328    kvq_phase1_bd_i/clk_wiz_0/inst/clk_out1_kvq_phase1_bd_clk_wiz_0_0
    BUFGCE_X1Y17         BUFGCE (Prop_BUFCE_BUFGCE_I_O)
                                                      0.028     2.356 r  kvq_phase1_bd_i/clk_wiz_0/inst/clkout1_buf/O
    X1Y2 (CLOCK_ROOT)    net (fo=31114, routed)       2.261     4.617    kvq_phase1_bd_i/kvq_top_0/inst/u_kvq_top/u_arb/clk
    SLICE_X75Y214        FDCE                                         r  kvq_phase1_bd_i/kvq_top_0/inst/u_kvq_top/u_arb/t1_w_reg[0][slack][8]/C
  -------------------------------------------------------------------    -------------------
    SLICE_X75Y214        FDCE (Prop_AFF_SLICEL_C_Q)
                                                      0.079     4.696 r  kvq_phase1_bd_i/kvq_top_0/inst/u_kvq_top/u_arb/t1_w_reg[0][slack][8]/Q
                         net (fo=5, routed)           0.391     5.087    kvq_phase1_bd_i/kvq_top_0/inst/u_kvq_top/u_arb/t1_w_reg[0][slack][8]
    SLICE_X66Y217        LUT4 (Prop_E6LUT_SLICEL_I1_O)
                                                      0.099     5.186 r  kvq_phase1_bd_i/kvq_top_0/inst/u_kvq_top/u_arb/t2_w[0][tid][1]_i_71/O
                         net (fo=1, routed)           0.007     5.193    kvq_phase1_bd_i/kvq_top_0/inst/u_kvq_top/u_arb/t2_w[0][tid][1]_i_71_n_0
    SLICE_X66Y217        CARRY8 (Prop_CARRY8_SLICEL_S[4]_CO[7])
                                                      0.153     5.346 f  kvq_phase1_bd_i/kvq_top_0/inst/u_kvq_top/u_arb/t2_w_reg[0][tid][1]_i_27/CO[7]
                         net (fo=1, routed)           0.026     5.372    kvq_phase1_bd_i/kvq_top_0/inst/u_kvq_top/u_arb/t2_w_reg[0][tid][1]_i_27_n_0
    SLICE_X66Y218        CARRY8 (Prop_CARRY8_SLICEL_CI_CO[7])
                                                      0.022     5.394 f  kvq_phase1_bd_i/kvq_top_0/inst/u_kvq_top/u_arb/t2_w_reg[0][tid][1]_i_5/CO[7]
                         net (fo=2, routed)           0.490     5.884    kvq_phase1_bd_i/kvq_top_0/inst/u_kvq_top/u_arb/t2_w_reg[0][tid][1]_i_5_n_0
    SLICE_X65Y219        LUT6 (Prop_H6LUT_SLICEL_I3_O)
                                                      0.150     6.034 r  kvq_phase1_bd_i/kvq_top_0/inst/u_kvq_top/u_arb/t2_w[0][tid][1]_i_2/O
                         net (fo=82, routed)          0.819     6.853    kvq_phase1_bd_i/kvq_top_0/inst/u_kvq_top/u_arb/t2_w[0][tid][1]_i_2_n_0
    SLICE_X71Y216        LUT4 (Prop_B6LUT_SLICEM_I3_O)
                                                      0.089     6.942 r  kvq_phase1_bd_i/kvq_top_0/inst/u_kvq_top/u_arb/t2_w[0][req][tenant_id][14]_i_1/O
                         net (fo=1, routed)           0.059     7.001    kvq_phase1_bd_i/kvq_top_0/inst/u_kvq_top/u_arb/t2_w[0][req][tenant_id][14]_i_1_n_0
    SLICE_X71Y216        FDCE                                         r  kvq_phase1_bd_i/kvq_top_0/inst/u_kvq_top/u_arb/t2_w_reg[0][req][tenant_id][14]/D
  -------------------------------------------------------------------    -------------------

                         (clock clk_out1_kvq_phase1_bd_clk_wiz_0_0 rise edge)
                                                      2.500     2.500 r  
    PS8_X0Y0             PS8                          0.000     2.500 r  kvq_phase1_bd_i/ps_e_0/inst/PS8_i/PLCLK[0]
                         net (fo=1, routed)           0.143     2.643    kvq_phase1_bd_i/ps_e_0/inst/pl_clk_unbuffered[0]
    BUFG_PS_X0Y80        BUFG_PS (Prop_BUFG_PS_I_O)
                                                      0.025     2.668 r  kvq_phase1_bd_i/ps_e_0/inst/buffer_pl_clk_0.PL_CLK_0_BUFG/O
                         net (fo=1, routed)           1.795     4.463    kvq_phase1_bd_i/clk_wiz_0/inst/clk_in1
    MMCM_X1Y0            MMCME4_ADV (Prop_MMCM_CLKIN1_CLKOUT0)
                                                      0.630     5.093 r  kvq_phase1_bd_i/clk_wiz_0/inst/mmcme4_adv_inst/CLKOUT0
                         net (fo=1, routed)           0.216     5.309    kvq_phase1_bd_i/clk_wiz_0/inst/clk_out1_kvq_phase1_bd_clk_wiz_0_0
    BUFGCE_X1Y17         BUFGCE (Prop_BUFCE_BUFGCE_I_O)
                                                      0.024     5.333 r  kvq_phase1_bd_i/clk_wiz_0/inst/clkout1_buf/O
    X1Y2 (CLOCK_ROOT)    net (fo=31114, routed)       2.010     7.343    kvq_phase1_bd_i/kvq_top_0/inst/u_kvq_top/u_arb/clk
    SLICE_X71Y216        FDCE                                         r  kvq_phase1_bd_i/kvq_top_0/inst/u_kvq_top/u_arb/t2_w_reg[0][req][tenant_id][14]/C
                         clock pessimism             -0.322     7.021    
                         clock uncertainty           -0.057     6.964    
    SLICE_X71Y216        FDCE (Setup_BFF_SLICEM_C_D)
                                                      0.025     6.989    kvq_phase1_bd_i/kvq_top_0/inst/u_kvq_top/u_arb/t2_w_reg[0][req][tenant_id][14]
  -------------------------------------------------------------------
                         required time                          6.989    
                         arrival time                          -7.001    
  -------------------------------------------------------------------
                         slack                                 -0.012    





Min Delay Paths
--------------------------------------------------------------------------------------
Slack (MET) :             0.010ns  (arrival time - required time)
  Source:                 kvq_phase1_bd_i/axi_dma_0/U0/I_PRMRY_DATAMOVER/GEN_S2MM_FULL.I_S2MM_FULL_WRAPPER/GEN_ENABLE_INDET_BTT_SF.I_INDET_BTT/ENABLE_AXIS_SKID.I_INDET_BTT_SKID_BUF/sig_data_reg_out_reg[113]/C
                            (rising edge-triggered cell FDRE clocked by clk_out1_kvq_phase1_bd_clk_wiz_0_0  {rise@0.000ns fall@1.250ns period=2.500ns})
  Destination:            kvq_phase1_bd_i/axi_dma_0/U0/I_PRMRY_DATAMOVER/GEN_S2MM_FULL.I_S2MM_FULL_WRAPPER/I_S2MM_MMAP_SKID_BUF/sig_data_skid_reg_reg[113]/D
                            (rising edge-triggered cell FDRE clocked by clk_out1_kvq_phase1_bd_clk_wiz_0_0  {rise@0.000ns fall@1.250ns period=2.500ns})
  Path Group:             clk_out1_kvq_phase1_bd_clk_wiz_0_0
  Path Type:              Hold (Min at Slow Process Corner)
  Requirement:            0.000ns  (clk_out1_kvq_phase1_bd_clk_wiz_0_0 rise@0.000ns - clk_out1_kvq_phase1_bd_clk_wiz_0_0 rise@0.000ns)
  Data Path Delay:        0.163ns  (logic 0.058ns (35.583%)  route 0.105ns (64.417%))
  Logic Levels:           0  
  Clock Path Skew:        0.091ns (DCD - SCD - CPR)
    Destination Clock Delay (DCD):    4.468ns
    Source Clock Delay      (SCD):    4.706ns
    Clock Pessimism Removal (CPR):    -0.330ns
  Clock Net Delay (Source):      1.873ns (routing 0.810ns, distribution 1.063ns)
  Clock Net Delay (Destination): 2.112ns (routing 0.891ns, distribution 1.221ns)

    Location             Delay type                Incr(ns)  Path(ns)    Netlist Resource(s)
  -------------------------------------------------------------------    -------------------
                         (clock clk_out1_kvq_phase1_bd_clk_wiz_0_0 rise edge)
                                                      0.000     0.000 r  
    PS8_X0Y0             PS8                          0.000     0.000 r  kvq_phase1_bd_i/ps_e_0/inst/PS8_i/PLCLK[0]
                         net (fo=1, routed)           0.143     0.143    kvq_phase1_bd_i/ps_e_0/inst/pl_clk_unbuffered[0]
    BUFG_PS_X0Y80        BUFG_PS (Prop_BUFG_PS_I_O)
                                                      0.025     0.168 r  kvq_phase1_bd_i/ps_e_0/inst/buffer_pl_clk_0.PL_CLK_0_BUFG/O
                         net (fo=1, routed)           1.795     1.963    kvq_phase1_bd_i/clk_wiz_0/inst/clk_in1
    MMCM_X1Y0            MMCME4_ADV (Prop_MMCM_CLKIN1_CLKOUT0)
                                                      0.630     2.593 r  kvq_phase1_bd_i/clk_wiz_0/inst/mmcme4_adv_inst/CLKOUT0
                         net (fo=1, routed)           0.216     2.809    kvq_phase1_bd_i/clk_wiz_0/inst/clk_out1_kvq_phase1_bd_clk_wiz_0_0
    BUFGCE_X1Y17         BUFGCE (Prop_BUFCE_BUFGCE_I_O)
                                                      0.024     2.833 r  kvq_phase1_bd_i/clk_wiz_0/inst/clkout1_buf/O
    X1Y2 (CLOCK_ROOT)    net (fo=31114, routed)       1.873     4.706    kvq_phase1_bd_i/axi_dma_0/U0/I_PRMRY_DATAMOVER/GEN_S2MM_FULL.I_S2MM_FULL_WRAPPER/GEN_ENABLE_INDET_BTT_SF.I_INDET_BTT/ENABLE_AXIS_SKID.I_INDET_BTT_SKID_BUF/m_axi_s2mm_aclk
    SLICE_X58Y76         FDRE                                         r  kvq_phase1_bd_i/axi_dma_0/U0/I_PRMRY_DATAMOVER/GEN_S2MM_FULL.I_S2MM_FULL_WRAPPER/GEN_ENABLE_INDET_BTT_SF.I_INDET_BTT/ENABLE_AXIS_SKID.I_INDET_BTT_SKID_BUF/sig_data_reg_out_reg[113]/C
  -------------------------------------------------------------------    -------------------
    SLICE_X58Y76         FDRE (Prop_CFF_SLICEL_C_Q)
                                                      0.058     4.764 r  kvq_phase1_bd_i/axi_dma_0/U0/I_PRMRY_DATAMOVER/GEN_S2MM_FULL.I_S2MM_FULL_WRAPPER/GEN_ENABLE_INDET_BTT_SF.I_INDET_BTT/ENABLE_AXIS_SKID.I_INDET_BTT_SKID_BUF/sig_data_reg_out_reg[113]/Q
                         net (fo=2, routed)           0.105     4.869    kvq_phase1_bd_i/axi_dma_0/U0/I_PRMRY_DATAMOVER/GEN_S2MM_FULL.I_S2MM_FULL_WRAPPER/I_S2MM_MMAP_SKID_BUF/D[113]
    SLICE_X59Y77         FDRE                                         r  kvq_phase1_bd_i/axi_dma_0/U0/I_PRMRY_DATAMOVER/GEN_S2MM_FULL.I_S2MM_FULL_WRAPPER/I_S2MM_MMAP_SKID_BUF/sig_data_skid_reg_reg[113]/D
  -------------------------------------------------------------------    -------------------

                         (clock clk_out1_kvq_phase1_bd_clk_wiz_0_0 rise edge)
                                                      0.000     0.000 r  
    PS8_X0Y0             PS8                          0.000     0.000 r  kvq_phase1_bd_i/ps_e_0/inst/PS8_i/PLCLK[0]
                         net (fo=1, routed)           0.180     0.180    kvq_phase1_bd_i/ps_e_0/inst/pl_clk_unbuffered[0]
    BUFG_PS_X0Y80        BUFG_PS (Prop_BUFG_PS_I_O)
                                                      0.028     0.208 r  kvq_phase1_bd_i/ps_e_0/inst/buffer_pl_clk_0.PL_CLK_0_BUFG/O
                         net (fo=1, routed)           2.002     2.210    kvq_phase1_bd_i/clk_wiz_0/inst/clk_in1
    MMCM_X1Y0            MMCME4_ADV (Prop_MMCM_CLKIN1_CLKOUT0)
                                                     -0.127     2.083 r  kvq_phase1_bd_i/clk_wiz_0/inst/mmcme4_adv_inst/CLKOUT0
                         net (fo=1, routed)           0.245     2.328    kvq_phase1_bd_i/clk_wiz_0/inst/clk_out1_kvq_phase1_bd_clk_wiz_0_0
    BUFGCE_X1Y17         BUFGCE (Prop_BUFCE_BUFGCE_I_O)
                                                      0.028     2.356 r  kvq_phase1_bd_i/clk_wiz_0/inst/clkout1_buf/O
    X1Y2 (CLOCK_ROOT)    net (fo=31114, routed)       2.112     4.468    kvq_phase1_bd_i/axi_dma_0/U0/I_PRMRY_DATAMOVER/GEN_S2MM_FULL.I_S2MM_FULL_WRAPPER/I_S2MM_MMAP_SKID_BUF/m_axi_s2mm_aclk
    SLICE_X59Y77         FDRE                                         r  kvq_phase1_bd_i/axi_dma_0/U0/I_PRMRY_DATAMOVER/GEN_S2MM_FULL.I_S2MM_FULL_WRAPPER/I_S2MM_MMAP_SKID_BUF/sig_data_skid_reg_reg[113]/C
                         clock pessimism              0.330     4.798    
    SLICE_X59Y77         FDRE (Hold_CFF2_SLICEL_C_D)
                                                      0.062     4.860    kvq_phase1_bd_i/axi_dma_0/U0/I_PRMRY_DATAMOVER/GEN_S2MM_FULL.I_S2MM_FULL_WRAPPER/I_S2MM_MMAP_SKID_BUF/sig_data_skid_reg_reg[113]
  -------------------------------------------------------------------
                         required time                         -4.860    
                         arrival time                           4.869    
  -------------------------------------------------------------------
                         slack                                  0.010    





Pulse Width Checks
--------------------------------------------------------------------------------------
Clock Name:         clk_out1_kvq_phase1_bd_clk_wiz_0_0
Waveform(ns):       { 0.000 1.250 }
Period(ns):         2.500
Sources:            { kvq_phase1_bd_i/clk_wiz_0/inst/mmcme4_adv_inst/CLKOUT0 }

Check Type        Corner  Lib Pin          Reference Pin  Required(ns)  Actual(ns)  Slack(ns)  Location  Pin
Min Period        n/a     PS8/MAXIGP0ACLK  n/a            3.000         2.500       -0.500     PS8_X0Y0  kvq_phase1_bd_i/ps_e_0/inst/PS8_i/MAXIGP0ACLK
Low Pulse Width   Slow    PS8/MAXIGP0ACLK  n/a            1.500         1.250       -0.250     PS8_X0Y0  kvq_phase1_bd_i/ps_e_0/inst/PS8_i/MAXIGP0ACLK
High Pulse Width  Slow    PS8/MAXIGP0ACLK  n/a            1.500         1.250       -0.250     PS8_X0Y0  kvq_phase1_bd_i/ps_e_0/inst/PS8_i/MAXIGP0ACLK



---------------------------------------------------------------------------------------------------
Path Group:  **async_default**
From Clock:  clk_out1_kvq_phase1_bd_clk_wiz_0_0
  To Clock:  clk_out1_kvq_phase1_bd_clk_wiz_0_0

Setup :            0  Failing Endpoints,  Worst Slack        0.033ns,  Total Violation        0.000ns
Hold  :            0  Failing Endpoints,  Worst Slack        0.088ns,  Total Violation        0.000ns
---------------------------------------------------------------------------------------------------


Max Delay Paths
--------------------------------------------------------------------------------------
Slack (MET) :             0.033ns  (required time - arrival time)
  Source:                 kvq_phase1_bd_i/reset_0/U0/ACTIVE_LOW_PR_OUT_DFF[0].FDRE_PER_N_replica/C
                            (rising edge-triggered cell FDRE clocked by clk_out1_kvq_phase1_bd_clk_wiz_0_0  {rise@0.000ns fall@1.250ns period=2.500ns})
  Destination:            kvq_phase1_bd_i/kvq_top_0/inst/u_kvq_top/u_qmgr/full_err_req_r_reg[request_id][1]/CLR
                            (recovery check against rising-edge clock clk_out1_kvq_phase1_bd_clk_wiz_0_0  {rise@0.000ns fall@1.250ns period=2.500ns})
  Path Group:             **async_default**
  Path Type:              Recovery (Max at Slow Process Corner)
  Requirement:            2.500ns  (clk_out1_kvq_phase1_bd_clk_wiz_0_0 rise@2.500ns - clk_out1_kvq_phase1_bd_clk_wiz_0_0 rise@0.000ns)
  Data Path Delay:        2.257ns  (logic 0.080ns (3.545%)  route 2.177ns (96.455%))
  Logic Levels:           0  
  Clock Path Skew:        -0.087ns (DCD - SCD + CPR)
    Destination Clock Delay (DCD):    4.811ns = ( 7.311 - 2.500 ) 
    Source Clock Delay      (SCD):    4.576ns
    Clock Pessimism Removal (CPR):    -0.322ns
  Clock Uncertainty:      0.057ns  ((TSJ^2 + DJ^2)^1/2) / 2 + PE
    Total System Jitter     (TSJ):    0.071ns
    Discrete Jitter          (DJ):    0.090ns
    Phase Error              (PE):    0.000ns
  Clock Net Delay (Source):      2.220ns (routing 0.891ns, distribution 1.329ns)
  Clock Net Delay (Destination): 1.978ns (routing 0.810ns, distribution 1.168ns)

    Location             Delay type                Incr(ns)  Path(ns)    Netlist Resource(s)
  -------------------------------------------------------------------    -------------------
                         (clock clk_out1_kvq_phase1_bd_clk_wiz_0_0 rise edge)
                                                      0.000     0.000 r  
    PS8_X0Y0             PS8                          0.000     0.000 r  kvq_phase1_bd_i/ps_e_0/inst/PS8_i/PLCLK[0]
                         net (fo=1, routed)           0.180     0.180    kvq_phase1_bd_i/ps_e_0/inst/pl_clk_unbuffered[0]
    BUFG_PS_X0Y80        BUFG_PS (Prop_BUFG_PS_I_O)
                                                      0.028     0.208 r  kvq_phase1_bd_i/ps_e_0/inst/buffer_pl_clk_0.PL_CLK_0_BUFG/O
                         net (fo=1, routed)           2.002     2.210    kvq_phase1_bd_i/clk_wiz_0/inst/clk_in1
    MMCM_X1Y0            MMCME4_ADV (Prop_MMCM_CLKIN1_CLKOUT0)
                                                     -0.127     2.083 r  kvq_phase1_bd_i/clk_wiz_0/inst/mmcme4_adv_inst/CLKOUT0
                         net (fo=1, routed)           0.245     2.328    kvq_phase1_bd_i/clk_wiz_0/inst/clk_out1_kvq_phase1_bd_clk_wiz_0_0
    BUFGCE_X1Y17         BUFGCE (Prop_BUFCE_BUFGCE_I_O)
                                                      0.028     2.356 r  kvq_phase1_bd_i/clk_wiz_0/inst/clkout1_buf/O
    X1Y2 (CLOCK_ROOT)    net (fo=31114, routed)       2.220     4.576    kvq_phase1_bd_i/reset_0/U0/slowest_sync_clk
    SLICE_X66Y222        FDRE                                         r  kvq_phase1_bd_i/reset_0/U0/ACTIVE_LOW_PR_OUT_DFF[0].FDRE_PER_N_replica/C
  -------------------------------------------------------------------    -------------------
    SLICE_X66Y222        FDRE (Prop_HFF2_SLICEL_C_Q)
                                                      0.080     4.656 r  kvq_phase1_bd_i/reset_0/U0/ACTIVE_LOW_PR_OUT_DFF[0].FDRE_PER_N_replica/Q
                         net (fo=203, routed)         2.177     6.833    kvq_phase1_bd_i/kvq_top_0/inst/u_kvq_top/u_qmgr/peripheral_aresetn[0]_repN_alias
    SLICE_X66Y202        FDCE                                         f  kvq_phase1_bd_i/kvq_top_0/inst/u_kvq_top/u_qmgr/full_err_req_r_reg[request_id][1]/CLR  (IS_INVERTED)
  -------------------------------------------------------------------    -------------------

                         (clock clk_out1_kvq_phase1_bd_clk_wiz_0_0 rise edge)
                                                      2.500     2.500 r  
    PS8_X0Y0             PS8                          0.000     2.500 r  kvq_phase1_bd_i/ps_e_0/inst/PS8_i/PLCLK[0]
                         net (fo=1, routed)           0.143     2.643    kvq_phase1_bd_i/ps_e_0/inst/pl_clk_unbuffered[0]
    BUFG_PS_X0Y80        BUFG_PS (Prop_BUFG_PS_I_O)
                                                      0.025     2.668 r  kvq_phase1_bd_i/ps_e_0/inst/buffer_pl_clk_0.PL_CLK_0_BUFG/O
                         net (fo=1, routed)           1.795     4.463    kvq_phase1_bd_i/clk_wiz_0/inst/clk_in1
    MMCM_X1Y0            MMCME4_ADV (Prop_MMCM_CLKIN1_CLKOUT0)
                                                      0.630     5.093 r  kvq_phase1_bd_i/clk_wiz_0/inst/mmcme4_adv_inst/CLKOUT0
                         net (fo=1, routed)           0.216     5.309    kvq_phase1_bd_i/clk_wiz_0/inst/clk_out1_kvq_phase1_bd_clk_wiz_0_0
    BUFGCE_X1Y17         BUFGCE (Prop_BUFCE_BUFGCE_I_O)
                                                      0.024     5.333 r  kvq_phase1_bd_i/clk_wiz_0/inst/clkout1_buf/O
    X1Y2 (CLOCK_ROOT)    net (fo=31114, routed)       1.978     7.311    kvq_phase1_bd_i/kvq_top_0/inst/u_kvq_top/u_qmgr/clk
    SLICE_X66Y202        FDCE                                         r  kvq_phase1_bd_i/kvq_top_0/inst/u_kvq_top/u_qmgr/full_err_req_r_reg[request_id][1]/C
                         clock pessimism             -0.322     6.989    
                         clock uncertainty           -0.057     6.932    
    SLICE_X66Y202        FDCE (Recov_AFF_SLICEL_C_CLR)
                                                     -0.066     6.866    kvq_phase1_bd_i/kvq_top_0/inst/u_kvq_top/u_qmgr/full_err_req_r_reg[request_id][1]
  -------------------------------------------------------------------
                         required time                          6.866    
                         arrival time                          -6.833    
  -------------------------------------------------------------------
                         slack                                  0.033    





Min Delay Paths
--------------------------------------------------------------------------------------
Slack (MET) :             0.088ns  (arrival time - required time)
  Source:                 kvq_phase1_bd_i/reset_0/U0/ACTIVE_LOW_PR_OUT_DFF[0].FDRE_PER_N_replica_43/C
                            (rising edge-triggered cell FDRE clocked by clk_out1_kvq_phase1_bd_clk_wiz_0_0  {rise@0.000ns fall@1.250ns period=2.500ns})
  Destination:            kvq_phase1_bd_i/kvq_top_0/inst/u_kvq_top/u_arb/t1_w_reg[2][slack][0]/CLR
                            (removal check against rising-edge clock clk_out1_kvq_phase1_bd_clk_wiz_0_0  {rise@0.000ns fall@1.250ns period=2.500ns})
  Path Group:             **async_default**
  Path Type:              Removal (Min at Fast Process Corner)
  Requirement:            0.000ns  (clk_out1_kvq_phase1_bd_clk_wiz_0_0 rise@0.000ns - clk_out1_kvq_phase1_bd_clk_wiz_0_0 rise@0.000ns)
  Data Path Delay:        0.178ns  (logic 0.039ns (21.891%)  route 0.139ns (78.109%))
  Logic Levels:           0  
  Clock Path Skew:        0.110ns (DCD - SCD - CPR)
    Destination Clock Delay (DCD):    2.636ns
    Source Clock Delay      (SCD):    2.801ns
    Clock Pessimism Removal (CPR):    -0.274ns
  Clock Net Delay (Source):      1.176ns (routing 0.491ns, distribution 0.685ns)
  Clock Net Delay (Destination): 1.344ns (routing 0.545ns, distribution 0.799ns)

    Location             Delay type                Incr(ns)  Path(ns)    Netlist Resource(s)
  -------------------------------------------------------------------    -------------------
                         (clock clk_out1_kvq_phase1_bd_clk_wiz_0_0 rise edge)
                                                      0.000     0.000 r  
    PS8_X0Y0             PS8                          0.000     0.000 r  kvq_phase1_bd_i/ps_e_0/inst/PS8_i/PLCLK[0]
                         net (fo=1, routed)           0.122     0.122    kvq_phase1_bd_i/ps_e_0/inst/pl_clk_unbuffered[0]
    BUFG_PS_X0Y80        BUFG_PS (Prop_BUFG_PS_I_O)
                                                      0.017     0.139 r  kvq_phase1_bd_i/ps_e_0/inst/buffer_pl_clk_0.PL_CLK_0_BUFG/O
                         net (fo=1, routed)           1.093     1.232    kvq_phase1_bd_i/clk_wiz_0/inst/clk_in1
    MMCM_X1Y0            MMCME4_ADV (Prop_MMCM_CLKIN1_CLKOUT0)
                                                      0.230     1.462 r  kvq_phase1_bd_i/clk_wiz_0/inst/mmcme4_adv_inst/CLKOUT0
                         net (fo=1, routed)           0.146     1.608    kvq_phase1_bd_i/clk_wiz_0/inst/clk_out1_kvq_phase1_bd_clk_wiz_0_0
    BUFGCE_X1Y17         BUFGCE (Prop_BUFCE_BUFGCE_I_O)
                                                      0.017     1.625 r  kvq_phase1_bd_i/clk_wiz_0/inst/clkout1_buf/O
    X1Y2 (CLOCK_ROOT)    net (fo=31114, routed)       1.176     2.801    kvq_phase1_bd_i/reset_0/U0/slowest_sync_clk
    SLICE_X62Y235        FDRE                                         r  kvq_phase1_bd_i/reset_0/U0/ACTIVE_LOW_PR_OUT_DFF[0].FDRE_PER_N_replica_43/C
  -------------------------------------------------------------------    -------------------
    SLICE_X62Y235        FDRE (Prop_EFF_SLICEL_C_Q)
                                                      0.039     2.840 r  kvq_phase1_bd_i/reset_0/U0/ACTIVE_LOW_PR_OUT_DFF[0].FDRE_PER_N_replica_43/Q
                         net (fo=164, routed)         0.139     2.979    kvq_phase1_bd_i/kvq_top_0/inst/u_kvq_top/u_arb/peripheral_aresetn[0]_repN_43_alias
    SLICE_X65Y240        FDCE                                         f  kvq_phase1_bd_i/kvq_top_0/inst/u_kvq_top/u_arb/t1_w_reg[2][slack][0]/CLR  (IS_INVERTED)
  -------------------------------------------------------------------    -------------------

                         (clock clk_out1_kvq_phase1_bd_clk_wiz_0_0 rise edge)
                                                      0.000     0.000 r  
    PS8_X0Y0             PS8                          0.000     0.000 r  kvq_phase1_bd_i/ps_e_0/inst/PS8_i/PLCLK[0]
                         net (fo=1, routed)           0.154     0.154    kvq_phase1_bd_i/ps_e_0/inst/pl_clk_unbuffered[0]
    BUFG_PS_X0Y80        BUFG_PS (Prop_BUFG_PS_I_O)
                                                      0.018     0.172 r  kvq_phase1_bd_i/ps_e_0/inst/buffer_pl_clk_0.PL_CLK_0_BUFG/O
                         net (fo=1, routed)           1.230     1.402    kvq_phase1_bd_i/clk_wiz_0/inst/clk_in1
    MMCM_X1Y0            MMCME4_ADV (Prop_MMCM_CLKIN1_CLKOUT0)
                                                     -0.295     1.107 r  kvq_phase1_bd_i/clk_wiz_0/inst/mmcme4_adv_inst/CLKOUT0
                         net (fo=1, routed)           0.166     1.273    kvq_phase1_bd_i/clk_wiz_0/inst/clk_out1_kvq_phase1_bd_clk_wiz_0_0
    BUFGCE_X1Y17         BUFGCE (Prop_BUFCE_BUFGCE_I_O)
                                                      0.019     1.292 r  kvq_phase1_bd_i/clk_wiz_0/inst/clkout1_buf/O
    X1Y2 (CLOCK_ROOT)    net (fo=31114, routed)       1.344     2.636    kvq_phase1_bd_i/kvq_top_0/inst/u_kvq_top/u_arb/clk
    SLICE_X65Y240        FDCE                                         r  kvq_phase1_bd_i/kvq_top_0/inst/u_kvq_top/u_arb/t1_w_reg[2][slack][0]/C
                         clock pessimism              0.274     2.910    
    SLICE_X65Y240        FDCE (Remov_EFF_SLICEL_C_CLR)
                                                     -0.020     2.890    kvq_phase1_bd_i/kvq_top_0/inst/u_kvq_top/u_arb/t1_w_reg[2][slack][0]
  -------------------------------------------------------------------
                         required time                         -2.890    
                         arrival time                           2.979    
  -------------------------------------------------------------------
                         slack                                  0.088    





