Copyright 1986-2022 Xilinx, Inc. All Rights Reserved. Copyright 2022-2025 Advanced Micro Devices, Inc. All Rights Reserved.
----------------------------------------------------------------------------------------------------------------------------------------------------------------------
| Tool Version      : Vivado v.2025.2 (lin64) Build 6299465 Fri Nov 14 12:34:56 MST 2025
| Date              : Fri Jun 12 13:54:26 2026
| Host              : jotshawlinux-Legion running 64-bit Ubuntu 24.04.4 LTS
| Command           : report_timing_summary -file /home/jotshawlinux/Downloads/cxl-kv-forge-qos/results/impl/strategy_Performance_NetDelay_high/post_route_timing.rpt
| Design            : kvq_phase1_bd_wrapper
| Device            : xczu7ev-ffvc1156
| Speed File        : -2  PRODUCTION 1.30 05-15-2022
| Design State      : Physopt postRoute
| Temperature Grade : E
----------------------------------------------------------------------------------------------------------------------------------------------------------------------

Timing Summary Report

------------------------------------------------------------------------------------------------
| Timer Settings
| --------------
------------------------------------------------------------------------------------------------

  Enable Multi Corner Analysis               :  Yes
  Enable Pessimism Removal                   :  Yes
  Pessimism Removal Resolution               :  Nearest Common Node
  Enable Input Delay Default Clock           :  No
  Enable Preset / Clear Arcs                 :  No
  Disable Flight Delays                      :  No
  Ignore I/O Paths                           :  No
  Timing Early Launch at Borrowing Latches   :  No
  Borrow Time for Max Delay Exceptions       :  Yes
  Merge Timing Exceptions                    :  Yes
  Inter-SLR Compensation                     :  Conservative

  Corner  Analyze    Analyze    
  Name    Max Paths  Min Paths  
  ------  ---------  ---------  
  Slow    Yes        Yes        
  Fast    Yes        Yes        


------------------------------------------------------------------------------------------------
| Report Methodology
| ------------------
------------------------------------------------------------------------------------------------

Rule     Severity  Description                                 Violations  
-------  --------  ------------------------------------------  ----------  
CLKC-56  Advisory  MMCME4 with global clock driver has no LOC  1           

Note: This report is based on the most recent report_methodology run and may not be up-to-date. Run report_methodology on the current design for the latest report.



check_timing report

Table of Contents
-----------------
1. checking no_clock (0)
2. checking constant_clock (0)
3. checking pulse_width_clock (0)
4. checking unconstrained_internal_endpoints (0)
5. checking no_input_delay (0)
6. checking no_output_delay (0)
7. checking multiple_clock (0)
8. checking generated_clocks (0)
9. checking loops (0)
10. checking partial_input_delay (0)
11. checking partial_output_delay (0)
12. checking latch_loops (0)

1. checking no_clock (0)
------------------------
 There are 0 register/latch pins with no clock.


2. checking constant_clock (0)
------------------------------
 There are 0 register/latch pins with constant_clock.


3. checking pulse_width_clock (0)
---------------------------------
 There are 0 register/latch pins which need pulse_width check


4. checking unconstrained_internal_endpoints (0)
------------------------------------------------
 There are 0 pins that are not constrained for maximum delay.

 There are 0 pins that are not constrained for maximum delay due to constant clock.


5. checking no_input_delay (0)
------------------------------
 There are 0 input ports with no input delay specified.

 There are 0 input ports with no input delay but user has a false path constraint.


6. checking no_output_delay (0)
-------------------------------
 There are 0 ports with no output delay specified.

 There are 0 ports with no output delay but user has a false path constraint

 There are 0 ports with no output delay but with a timing clock defined on it or propagating through it


7. checking multiple_clock (0)
------------------------------
 There are 0 register/latch pins with multiple clocks.


8. checking generated_clocks (0)
--------------------------------
 There are 0 generated clocks that are not connected to a clock source.


9. checking loops (0)
---------------------
 There are 0 combinational loops in the design.


10. checking partial_input_delay (0)
------------------------------------
 There are 0 input ports with partial input delay specified.


11. checking partial_output_delay (0)
-------------------------------------
 There are 0 ports with partial output delay specified.


12. checking latch_loops (0)
----------------------------
 There are 0 combinational latch loops in the design through latch input



------------------------------------------------------------------------------------------------
| Design Timing Summary
| ---------------------
------------------------------------------------------------------------------------------------

    WNS(ns)      TNS(ns)  TNS Failing Endpoints  TNS Total Endpoints      WHS(ns)      THS(ns)  THS Failing Endpoints  THS Total Endpoints     WPWS(ns)     TPWS(ns)  TPWS Failing Endpoints  TPWS Total Endpoints  
    -------      -------  ---------------------  -------------------      -------      -------  ---------------------  -------------------     --------     --------  ----------------------  --------------------  
      0.002        0.000                      0                77127        0.010        0.000                      0                77127       -0.500       -2.000                       4                 31042  


Timing constraints are not met.


------------------------------------------------------------------------------------------------
| Clock Summary
| -------------
------------------------------------------------------------------------------------------------

Clock                                 Waveform(ns)         Period(ns)      Frequency(MHz)
-----                                 ------------         ----------      --------------
clk_pl_0                              {0.000 5.156}        10.312          96.974          
  clk_out1_kvq_phase1_bd_clk_wiz_0_0  {0.000 1.250}        2.500           400.019         


------------------------------------------------------------------------------------------------
| Intra Clock Table
| -----------------
------------------------------------------------------------------------------------------------

Clock                                     WNS(ns)      TNS(ns)  TNS Failing Endpoints  TNS Total Endpoints      WHS(ns)      THS(ns)  THS Failing Endpoints  THS Total Endpoints     WPWS(ns)     TPWS(ns)  TPWS Failing Endpoints  TPWS Total Endpoints  
-----                                     -------      -------  ---------------------  -------------------      -------      -------  ---------------------  -------------------     --------     --------  ----------------------  --------------------  
clk_pl_0                                                                                                                                                                                2.062        0.000                       0                     1  
  clk_out1_kvq_phase1_bd_clk_wiz_0_0        0.002        0.000                      0                69961        0.010        0.000                      0                69961       -0.500       -2.000                       4                 31041  


------------------------------------------------------------------------------------------------
| Inter Clock Table
| -----------------
------------------------------------------------------------------------------------------------

From Clock    To Clock          WNS(ns)      TNS(ns)  TNS Failing Endpoints  TNS Total Endpoints      WHS(ns)      THS(ns)  THS Failing Endpoints  THS Total Endpoints  
----------    --------          -------      -------  ---------------------  -------------------      -------      -------  ---------------------  -------------------  


------------------------------------------------------------------------------------------------
| Other Path Groups Table
| -----------------------
------------------------------------------------------------------------------------------------

Path Group                          From Clock                          To Clock                                WNS(ns)      TNS(ns)  TNS Failing Endpoints  TNS Total Endpoints      WHS(ns)      THS(ns)  THS Failing Endpoints  THS Total Endpoints  
----------                          ----------                          --------                                -------      -------  ---------------------  -------------------      -------      -------  ---------------------  -------------------  
**async_default**                   clk_out1_kvq_phase1_bd_clk_wiz_0_0  clk_out1_kvq_phase1_bd_clk_wiz_0_0        0.014        0.000                      0                 7166        0.067        0.000                      0                 7166  


------------------------------------------------------------------------------------------------
| Timing Details
| --------------
------------------------------------------------------------------------------------------------


---------------------------------------------------------------------------------------------------
From Clock:  clk_pl_0
  To Clock:  clk_pl_0

Setup :           NA  Failing Endpoints,  Worst Slack           NA  ,  Total Violation           NA
Hold  :           NA  Failing Endpoints,  Worst Slack           NA  ,  Total Violation           NA
PW    :            0  Failing Endpoints,  Worst Slack        2.062ns,  Total Violation        0.000ns
---------------------------------------------------------------------------------------------------


Pulse Width Checks
--------------------------------------------------------------------------------------
Clock Name:         clk_pl_0
Waveform(ns):       { 0.000 5.156 }
Period(ns):         10.312
Sources:            { kvq_phase1_bd_i/ps_e_0/inst/PS8_i/PLCLK[0] }

Check Type        Corner  Lib Pin            Reference Pin  Required(ns)  Actual(ns)  Slack(ns)  Location   Pin
Min Period        n/a     MMCME4_ADV/CLKIN1  n/a            1.071         10.312      9.241      MMCM_X1Y0  kvq_phase1_bd_i/clk_wiz_0/inst/mmcme4_adv_inst/CLKIN1
Max Period        n/a     MMCME4_ADV/CLKIN1  n/a            100.000       10.312      89.688     MMCM_X1Y0  kvq_phase1_bd_i/clk_wiz_0/inst/mmcme4_adv_inst/CLKIN1
Low Pulse Width   Slow    MMCME4_ADV/CLKIN1  n/a            3.094         5.156       2.062      MMCM_X1Y0  kvq_phase1_bd_i/clk_wiz_0/inst/mmcme4_adv_inst/CLKIN1
High Pulse Width  Slow    MMCME4_ADV/CLKIN1  n/a            3.094         5.156       2.062      MMCM_X1Y0  kvq_phase1_bd_i/clk_wiz_0/inst/mmcme4_adv_inst/CLKIN1



---------------------------------------------------------------------------------------------------
From Clock:  clk_out1_kvq_phase1_bd_clk_wiz_0_0
  To Clock:  clk_out1_kvq_phase1_bd_clk_wiz_0_0

Setup :            0  Failing Endpoints,  Worst Slack        0.002ns,  Total Violation        0.000ns
Hold  :            0  Failing Endpoints,  Worst Slack        0.010ns,  Total Violation        0.000ns
PW    :            4  Failing Endpoints,  Worst Slack       -0.500ns,  Total Violation       -2.000ns
---------------------------------------------------------------------------------------------------


Max Delay Paths
--------------------------------------------------------------------------------------
Slack (MET) :             0.002ns  (required time - arrival time)
  Source:                 kvq_phase1_bd_i/kvq_top_0/inst/u_kvq_top/enqp_req_reg[tenant_id][1]_rep__0/C
                            (rising edge-triggered cell FDCE clocked by clk_out1_kvq_phase1_bd_clk_wiz_0_0  {rise@0.000ns fall@1.250ns period=2.500ns})
  Destination:            kvq_phase1_bd_i/kvq_top_0/inst/u_kvq_top/u_qmgr/q_mem_reg[7][5][deadline_cycles][16]/CE
                            (rising edge-triggered cell FDRE clocked by clk_out1_kvq_phase1_bd_clk_wiz_0_0  {rise@0.000ns fall@1.250ns period=2.500ns})
  Path Group:             clk_out1_kvq_phase1_bd_clk_wiz_0_0
  Path Type:              Setup (Max at Slow Process Corner)
  Requirement:            2.500ns  (clk_out1_kvq_phase1_bd_clk_wiz_0_0 rise@2.500ns - clk_out1_kvq_phase1_bd_clk_wiz_0_0 rise@0.000ns)
  Data Path Delay:        2.118ns  (logic 0.359ns (16.951%)  route 1.759ns (83.049%))
  Logic Levels:           5  (LUT2=2 LUT6=2 MUXF7=1)
  Clock Path Skew:        -0.262ns (DCD - SCD + CPR)
    Destination Clock Delay (DCD):    4.707ns = ( 7.207 - 2.500 ) 
    Source Clock Delay      (SCD):    4.641ns
    Clock Pessimism Removal (CPR):    -0.328ns
  Clock Uncertainty:      0.057ns  ((TSJ^2 + DJ^2)^1/2) / 2 + PE
    Total System Jitter     (TSJ):    0.071ns
    Discrete Jitter          (DJ):    0.090ns
    Phase Error              (PE):    0.000ns
  Clock Net Delay (Source):      2.285ns (routing 0.891ns, distribution 1.394ns)
  Clock Net Delay (Destination): 1.874ns (routing 0.810ns, distribution 1.064ns)

    Location             Delay type                Incr(ns)  Path(ns)    Netlist Resource(s)
  -------------------------------------------------------------------    -------------------
                         (clock clk_out1_kvq_phase1_bd_clk_wiz_0_0 rise edge)
                                                      0.000     0.000 r  
    PS8_X0Y0             PS8                          0.000     0.000 r  kvq_phase1_bd_i/ps_e_0/inst/PS8_i/PLCLK[0]
                         net (fo=1, routed)           0.180     0.180    kvq_phase1_bd_i/ps_e_0/inst/pl_clk_unbuffered[0]
    BUFG_PS_X0Y80        BUFG_PS (Prop_BUFG_PS_I_O)
                                                      0.028     0.208 r  kvq_phase1_bd_i/ps_e_0/inst/buffer_pl_clk_0.PL_CLK_0_BUFG/O
                         net (fo=1, routed)           2.002     2.210    kvq_phase1_bd_i/clk_wiz_0/inst/clk_in1
    MMCM_X1Y0            MMCME4_ADV (Prop_MMCM_CLKIN1_CLKOUT0)
                                                     -0.127     2.083 r  kvq_phase1_bd_i/clk_wiz_0/inst/mmcme4_adv_inst/CLKOUT0
                         net (fo=1, routed)           0.245     2.328    kvq_phase1_bd_i/clk_wiz_0/inst/clk_out1_kvq_phase1_bd_clk_wiz_0_0
    BUFGCE_X1Y17         BUFGCE (Prop_BUFCE_BUFGCE_I_O)
                                                      0.028     2.356 r  kvq_phase1_bd_i/clk_wiz_0/inst/clkout1_buf/O
    X1Y2 (CLOCK_ROOT)    net (fo=31039, routed)       2.285     4.641    kvq_phase1_bd_i/kvq_top_0/inst/u_kvq_top/clk
    SLICE_X69Y194        FDCE                                         r  kvq_phase1_bd_i/kvq_top_0/inst/u_kvq_top/enqp_req_reg[tenant_id][1]_rep__0/C
  -------------------------------------------------------------------    -------------------
    SLICE_X69Y194        FDCE (Prop_AFF2_SLICEL_C_Q)
                                                      0.081     4.722 r  kvq_phase1_bd_i/kvq_top_0/inst/u_kvq_top/enqp_req_reg[tenant_id][1]_rep__0/Q
                         net (fo=94, routed)          0.307     5.029    kvq_phase1_bd_i/kvq_top_0/inst/u_kvq_top/u_qmgr/full_err_req_r_reg[tenant_id][15]_1[1]
    SLICE_X70Y210        LUT6 (Prop_G6LUT_SLICEM_I2_O)
                                                      0.090     5.119 f  kvq_phase1_bd_i/kvq_top_0/inst/u_kvq_top/u_qmgr/q_mem[3][12][deadline_cycles][31]_i_11/O
                         net (fo=1, routed)           0.017     5.136    kvq_phase1_bd_i/kvq_top_0/inst/u_kvq_top/u_qmgr/q_mem[3][12][deadline_cycles][31]_i_11_n_0
    SLICE_X70Y210        MUXF7 (Prop_F7MUX_GH_SLICEM_I1_O)
                                                      0.067     5.203 f  kvq_phase1_bd_i/kvq_top_0/inst/u_kvq_top/u_qmgr/q_mem_reg[3][12][deadline_cycles][31]_i_4/O
                         net (fo=1, routed)           0.131     5.334    kvq_phase1_bd_i/kvq_top_0/inst/u_kvq_top/u_qmgr/q_count[4]
    SLICE_X69Y210        LUT2 (Prop_D6LUT_SLICEL_I0_O)
                                                      0.036     5.370 f  kvq_phase1_bd_i/kvq_top_0/inst/u_kvq_top/u_qmgr/q_mem[3][12][deadline_cycles][31]_i_3/O
                         net (fo=15, routed)          0.050     5.421    kvq_phase1_bd_i/kvq_top_0/inst/u_kvq_top/u_qmgr/q_mem[3][12][deadline_cycles][31]_i_3_n_0
    SLICE_X69Y210        LUT2 (Prop_F6LUT_SLICEL_I1_O)
                                                      0.035     5.456 r  kvq_phase1_bd_i/kvq_top_0/inst/u_kvq_top/u_qmgr/q_tail[0][3]_i_3/O
                         net (fo=151, routed)         0.793     6.249    kvq_phase1_bd_i/kvq_top_0/inst/u_kvq_top/u_qmgr/enq_accept
    SLICE_X65Y219        LUT6 (Prop_C6LUT_SLICEL_I5_O)
                                                      0.050     6.299 r  kvq_phase1_bd_i/kvq_top_0/inst/u_kvq_top/u_qmgr/q_mem[7][5][opcode][7]_i_1/O
                         net (fo=88, routed)          0.460     6.759    kvq_phase1_bd_i/kvq_top_0/inst/u_kvq_top/u_qmgr/q_mem[7][5][opcode][7]_i_1_n_0
    SLICE_X61Y215        FDRE                                         r  kvq_phase1_bd_i/kvq_top_0/inst/u_kvq_top/u_qmgr/q_mem_reg[7][5][deadline_cycles][16]/CE
  -------------------------------------------------------------------    -------------------

                         (clock clk_out1_kvq_phase1_bd_clk_wiz_0_0 rise edge)
                                                      2.500     2.500 r  
    PS8_X0Y0             PS8                          0.000     2.500 r  kvq_phase1_bd_i/ps_e_0/inst/PS8_i/PLCLK[0]
                         net (fo=1, routed)           0.143     2.643    kvq_phase1_bd_i/ps_e_0/inst/pl_clk_unbuffered[0]
    BUFG_PS_X0Y80        BUFG_PS (Prop_BUFG_PS_I_O)
                                                      0.025     2.668 r  kvq_phase1_bd_i/ps_e_0/inst/buffer_pl_clk_0.PL_CLK_0_BUFG/O
                         net (fo=1, routed)           1.795     4.463    kvq_phase1_bd_i/clk_wiz_0/inst/clk_in1
    MMCM_X1Y0            MMCME4_ADV (Prop_MMCM_CLKIN1_CLKOUT0)
                                                      0.630     5.093 r  kvq_phase1_bd_i/clk_wiz_0/inst/mmcme4_adv_inst/CLKOUT0
                         net (fo=1, routed)           0.216     5.309    kvq_phase1_bd_i/clk_wiz_0/inst/clk_out1_kvq_phase1_bd_clk_wiz_0_0
    BUFGCE_X1Y17         BUFGCE (Prop_BUFCE_BUFGCE_I_O)
                                                      0.024     5.333 r  kvq_phase1_bd_i/clk_wiz_0/inst/clkout1_buf/O
    X1Y2 (CLOCK_ROOT)    net (fo=31039, routed)       1.874     7.207    kvq_phase1_bd_i/kvq_top_0/inst/u_kvq_top/u_qmgr/clk
    SLICE_X61Y215        FDRE                                         r  kvq_phase1_bd_i/kvq_top_0/inst/u_kvq_top/u_qmgr/q_mem_reg[7][5][deadline_cycles][16]/C
                         clock pessimism             -0.328     6.879    
                         clock uncertainty           -0.057     6.822    
    SLICE_X61Y215        FDRE (Setup_HFF2_SLICEM_C_CE)
                                                     -0.061     6.761    kvq_phase1_bd_i/kvq_top_0/inst/u_kvq_top/u_qmgr/q_mem_reg[7][5][deadline_cycles][16]
  -------------------------------------------------------------------
                         required time                          6.761    
                         arrival time                          -6.759    
  -------------------------------------------------------------------
                         slack                                  0.002    





Min Delay Paths
--------------------------------------------------------------------------------------
Slack (MET) :             0.010ns  (arrival time - required time)
  Source:                 kvq_phase1_bd_i/smartconnect_data/inst/s01_nodes/s01_w_node/inst/inst_mi_handler/gen_normal_area.inst_fifo_node_payld/gen_xpm_memory_fifo.inst_fifo/gen_mem_rep[1].inst_xpm_memory/xpm_memory_base_inst/gen_rd_b.gen_rd_b_synth_template.gen_rf_narrow_reg.doutb_reg_reg[135]/C
                            (rising edge-triggered cell FDRE clocked by clk_out1_kvq_phase1_bd_clk_wiz_0_0  {rise@0.000ns fall@1.250ns period=2.500ns})
  Destination:            kvq_phase1_bd_i/smartconnect_data/inst/switchboards/w_switchboard/inst/gen_mi[0].inst_opipe_payld/gen_pipe[1].pipe_reg[1][287]/D
                            (rising edge-triggered cell FDRE clocked by clk_out1_kvq_phase1_bd_clk_wiz_0_0  {rise@0.000ns fall@1.250ns period=2.500ns})
  Path Group:             clk_out1_kvq_phase1_bd_clk_wiz_0_0
  Path Type:              Hold (Min at Slow Process Corner)
  Requirement:            0.000ns  (clk_out1_kvq_phase1_bd_clk_wiz_0_0 rise@0.000ns - clk_out1_kvq_phase1_bd_clk_wiz_0_0 rise@0.000ns)
  Data Path Delay:        0.173ns  (logic 0.058ns (33.526%)  route 0.115ns (66.474%))
  Logic Levels:           0  
  Clock Path Skew:        0.103ns (DCD - SCD - CPR)
    Destination Clock Delay (DCD):    4.458ns
    Source Clock Delay      (SCD):    4.685ns
    Clock Pessimism Removal (CPR):    -0.330ns
  Clock Net Delay (Source):      1.852ns (routing 0.810ns, distribution 1.042ns)
  Clock Net Delay (Destination): 2.102ns (routing 0.891ns, distribution 1.211ns)

    Location             Delay type                Incr(ns)  Path(ns)    Netlist Resource(s)
  -------------------------------------------------------------------    -------------------
                         (clock clk_out1_kvq_phase1_bd_clk_wiz_0_0 rise edge)
                                                      0.000     0.000 r  
    PS8_X0Y0             PS8                          0.000     0.000 r  kvq_phase1_bd_i/ps_e_0/inst/PS8_i/PLCLK[0]
                         net (fo=1, routed)           0.143     0.143    kvq_phase1_bd_i/ps_e_0/inst/pl_clk_unbuffered[0]
    BUFG_PS_X0Y80        BUFG_PS (Prop_BUFG_PS_I_O)
                                                      0.025     0.168 r  kvq_phase1_bd_i/ps_e_0/inst/buffer_pl_clk_0.PL_CLK_0_BUFG/O
                         net (fo=1, routed)           1.795     1.963    kvq_phase1_bd_i/clk_wiz_0/inst/clk_in1
    MMCM_X1Y0            MMCME4_ADV (Prop_MMCM_CLKIN1_CLKOUT0)
                                                      0.630     2.593 r  kvq_phase1_bd_i/clk_wiz_0/inst/mmcme4_adv_inst/CLKOUT0
                         net (fo=1, routed)           0.216     2.809    kvq_phase1_bd_i/clk_wiz_0/inst/clk_out1_kvq_phase1_bd_clk_wiz_0_0
    BUFGCE_X1Y17         BUFGCE (Prop_BUFCE_BUFGCE_I_O)
                                                      0.024     2.833 r  kvq_phase1_bd_i/clk_wiz_0/inst/clkout1_buf/O
    X1Y2 (CLOCK_ROOT)    net (fo=31039, routed)       1.852     4.685    kvq_phase1_bd_i/smartconnect_data/inst/s01_nodes/s01_w_node/inst/inst_mi_handler/gen_normal_area.inst_fifo_node_payld/gen_xpm_memory_fifo.inst_fifo/gen_mem_rep[1].inst_xpm_memory/xpm_memory_base_inst/clka
    SLICE_X61Y95         FDRE                                         r  kvq_phase1_bd_i/smartconnect_data/inst/s01_nodes/s01_w_node/inst/inst_mi_handler/gen_normal_area.inst_fifo_node_payld/gen_xpm_memory_fifo.inst_fifo/gen_mem_rep[1].inst_xpm_memory/xpm_memory_base_inst/gen_rd_b.gen_rd_b_synth_template.gen_rf_narrow_reg.doutb_reg_reg[135]/C
  -------------------------------------------------------------------    -------------------
    SLICE_X61Y95         FDRE (Prop_EFF_SLICEM_C_Q)
                                                      0.058     4.743 r  kvq_phase1_bd_i/smartconnect_data/inst/s01_nodes/s01_w_node/inst/inst_mi_handler/gen_normal_area.inst_fifo_node_payld/gen_xpm_memory_fifo.inst_fifo/gen_mem_rep[1].inst_xpm_memory/xpm_memory_base_inst/gen_rd_b.gen_rd_b_synth_template.gen_rf_narrow_reg.doutb_reg_reg[135]/Q
                         net (fo=1, routed)           0.115     4.858    kvq_phase1_bd_i/smartconnect_data/inst/switchboards/w_switchboard/inst/gen_mi[0].inst_opipe_payld/s_sc_payld[275]
    SLICE_X60Y94         FDRE                                         r  kvq_phase1_bd_i/smartconnect_data/inst/switchboards/w_switchboard/inst/gen_mi[0].inst_opipe_payld/gen_pipe[1].pipe_reg[1][287]/D
  -------------------------------------------------------------------    -------------------

                         (clock clk_out1_kvq_phase1_bd_clk_wiz_0_0 rise edge)
                                                      0.000     0.000 r  
    PS8_X0Y0             PS8                          0.000     0.000 r  kvq_phase1_bd_i/ps_e_0/inst/PS8_i/PLCLK[0]
                         net (fo=1, routed)           0.180     0.180    kvq_phase1_bd_i/ps_e_0/inst/pl_clk_unbuffered[0]
    BUFG_PS_X0Y80        BUFG_PS (Prop_BUFG_PS_I_O)
                                                      0.028     0.208 r  kvq_phase1_bd_i/ps_e_0/inst/buffer_pl_clk_0.PL_CLK_0_BUFG/O
                         net (fo=1, routed)           2.002     2.210    kvq_phase1_bd_i/clk_wiz_0/inst/clk_in1
    MMCM_X1Y0            MMCME4_ADV (Prop_MMCM_CLKIN1_CLKOUT0)
                                                     -0.127     2.083 r  kvq_phase1_bd_i/clk_wiz_0/inst/mmcme4_adv_inst/CLKOUT0
                         net (fo=1, routed)           0.245     2.328    kvq_phase1_bd_i/clk_wiz_0/inst/clk_out1_kvq_phase1_bd_clk_wiz_0_0
    BUFGCE_X1Y17         BUFGCE (Prop_BUFCE_BUFGCE_I_O)
                                                      0.028     2.356 r  kvq_phase1_bd_i/clk_wiz_0/inst/clkout1_buf/O
    X1Y2 (CLOCK_ROOT)    net (fo=31039, routed)       2.102     4.458    kvq_phase1_bd_i/smartconnect_data/inst/switchboards/w_switchboard/inst/gen_mi[0].inst_opipe_payld/aclk
    SLICE_X60Y94         FDRE                                         r  kvq_phase1_bd_i/smartconnect_data/inst/switchboards/w_switchboard/inst/gen_mi[0].inst_opipe_payld/gen_pipe[1].pipe_reg[1][287]/C
                         clock pessimism              0.330     4.788    
    SLICE_X60Y94         FDRE (Hold_GFF_SLICEL_C_D)
                                                      0.060     4.848    kvq_phase1_bd_i/smartconnect_data/inst/switchboards/w_switchboard/inst/gen_mi[0].inst_opipe_payld/gen_pipe[1].pipe_reg[1][287]
  -------------------------------------------------------------------
                         required time                         -4.848    
                         arrival time                           4.858    
  -------------------------------------------------------------------
                         slack                                  0.010    





Pulse Width Checks
--------------------------------------------------------------------------------------
Clock Name:         clk_out1_kvq_phase1_bd_clk_wiz_0_0
Waveform(ns):       { 0.000 1.250 }
Period(ns):         2.500
Sources:            { kvq_phase1_bd_i/clk_wiz_0/inst/mmcme4_adv_inst/CLKOUT0 }

Check Type        Corner  Lib Pin          Reference Pin  Required(ns)  Actual(ns)  Slack(ns)  Location  Pin
Min Period        n/a     PS8/MAXIGP0ACLK  n/a            3.000         2.500       -0.500     PS8_X0Y0  kvq_phase1_bd_i/ps_e_0/inst/PS8_i/MAXIGP0ACLK
Low Pulse Width   Slow    PS8/MAXIGP0ACLK  n/a            1.500         1.250       -0.250     PS8_X0Y0  kvq_phase1_bd_i/ps_e_0/inst/PS8_i/MAXIGP0ACLK
High Pulse Width  Slow    PS8/MAXIGP0ACLK  n/a            1.500         1.250       -0.250     PS8_X0Y0  kvq_phase1_bd_i/ps_e_0/inst/PS8_i/MAXIGP0ACLK



---------------------------------------------------------------------------------------------------
Path Group:  **async_default**
From Clock:  clk_out1_kvq_phase1_bd_clk_wiz_0_0
  To Clock:  clk_out1_kvq_phase1_bd_clk_wiz_0_0

Setup :            0  Failing Endpoints,  Worst Slack        0.014ns,  Total Violation        0.000ns
Hold  :            0  Failing Endpoints,  Worst Slack        0.067ns,  Total Violation        0.000ns
---------------------------------------------------------------------------------------------------


Max Delay Paths
--------------------------------------------------------------------------------------
Slack (MET) :             0.014ns  (required time - arrival time)
  Source:                 kvq_phase1_bd_i/reset_0/U0/ACTIVE_LOW_PR_OUT_DFF[0].FDRE_PER_N_replica_40/C
                            (rising edge-triggered cell FDRE clocked by clk_out1_kvq_phase1_bd_clk_wiz_0_0  {rise@0.000ns fall@1.250ns period=2.500ns})
  Destination:            kvq_phase1_bd_i/kvq_top_0/inst/u_kvq_top/u_sla/r_starv_reg[20]/CLR
                            (recovery check against rising-edge clock clk_out1_kvq_phase1_bd_clk_wiz_0_0  {rise@0.000ns fall@1.250ns period=2.500ns})
  Path Group:             **async_default**
  Path Type:              Recovery (Max at Slow Process Corner)
  Requirement:            2.500ns  (clk_out1_kvq_phase1_bd_clk_wiz_0_0 rise@2.500ns - clk_out1_kvq_phase1_bd_clk_wiz_0_0 rise@0.000ns)
  Data Path Delay:        2.116ns  (logic 0.079ns (3.733%)  route 2.037ns (96.267%))
  Logic Levels:           0  
  Clock Path Skew:        -0.247ns (DCD - SCD + CPR)
    Destination Clock Delay (DCD):    4.727ns = ( 7.227 - 2.500 ) 
    Source Clock Delay      (SCD):    4.646ns
    Clock Pessimism Removal (CPR):    -0.328ns
  Clock Uncertainty:      0.057ns  ((TSJ^2 + DJ^2)^1/2) / 2 + PE
    Total System Jitter     (TSJ):    0.071ns
    Discrete Jitter          (DJ):    0.090ns
    Phase Error              (PE):    0.000ns
  Clock Net Delay (Source):      2.290ns (routing 0.891ns, distribution 1.399ns)
  Clock Net Delay (Destination): 1.894ns (routing 0.810ns, distribution 1.084ns)

    Location             Delay type                Incr(ns)  Path(ns)    Netlist Resource(s)
  -------------------------------------------------------------------    -------------------
                         (clock clk_out1_kvq_phase1_bd_clk_wiz_0_0 rise edge)
                                                      0.000     0.000 r  
    PS8_X0Y0             PS8                          0.000     0.000 r  kvq_phase1_bd_i/ps_e_0/inst/PS8_i/PLCLK[0]
                         net (fo=1, routed)           0.180     0.180    kvq_phase1_bd_i/ps_e_0/inst/pl_clk_unbuffered[0]
    BUFG_PS_X0Y80        BUFG_PS (Prop_BUFG_PS_I_O)
                                                      0.028     0.208 r  kvq_phase1_bd_i/ps_e_0/inst/buffer_pl_clk_0.PL_CLK_0_BUFG/O
                         net (fo=1, routed)           2.002     2.210    kvq_phase1_bd_i/clk_wiz_0/inst/clk_in1
    MMCM_X1Y0            MMCME4_ADV (Prop_MMCM_CLKIN1_CLKOUT0)
                                                     -0.127     2.083 r  kvq_phase1_bd_i/clk_wiz_0/inst/mmcme4_adv_inst/CLKOUT0
                         net (fo=1, routed)           0.245     2.328    kvq_phase1_bd_i/clk_wiz_0/inst/clk_out1_kvq_phase1_bd_clk_wiz_0_0
    BUFGCE_X1Y17         BUFGCE (Prop_BUFCE_BUFGCE_I_O)
                                                      0.028     2.356 r  kvq_phase1_bd_i/clk_wiz_0/inst/clkout1_buf/O
    X1Y2 (CLOCK_ROOT)    net (fo=31039, routed)       2.290     4.646    kvq_phase1_bd_i/reset_0/U0/slowest_sync_clk
    SLICE_X79Y234        FDRE                                         r  kvq_phase1_bd_i/reset_0/U0/ACTIVE_LOW_PR_OUT_DFF[0].FDRE_PER_N_replica_40/C
  -------------------------------------------------------------------    -------------------
    SLICE_X79Y234        FDRE (Prop_GFF2_SLICEM_C_Q)
                                                      0.079     4.725 r  kvq_phase1_bd_i/reset_0/U0/ACTIVE_LOW_PR_OUT_DFF[0].FDRE_PER_N_replica_40/Q
                         net (fo=195, routed)         2.037     6.762    kvq_phase1_bd_i/kvq_top_0/inst/u_kvq_top/u_sla/peripheral_aresetn[0]_repN_40_alias
    SLICE_X59Y203        FDCE                                         f  kvq_phase1_bd_i/kvq_top_0/inst/u_kvq_top/u_sla/r_starv_reg[20]/CLR  (IS_INVERTED)
  -------------------------------------------------------------------    -------------------

                         (clock clk_out1_kvq_phase1_bd_clk_wiz_0_0 rise edge)
                                                      2.500     2.500 r  
    PS8_X0Y0             PS8                          0.000     2.500 r  kvq_phase1_bd_i/ps_e_0/inst/PS8_i/PLCLK[0]
                         net (fo=1, routed)           0.143     2.643    kvq_phase1_bd_i/ps_e_0/inst/pl_clk_unbuffered[0]
    BUFG_PS_X0Y80        BUFG_PS (Prop_BUFG_PS_I_O)
                                                      0.025     2.668 r  kvq_phase1_bd_i/ps_e_0/inst/buffer_pl_clk_0.PL_CLK_0_BUFG/O
                         net (fo=1, routed)           1.795     4.463    kvq_phase1_bd_i/clk_wiz_0/inst/clk_in1
    MMCM_X1Y0            MMCME4_ADV (Prop_MMCM_CLKIN1_CLKOUT0)
                                                      0.630     5.093 r  kvq_phase1_bd_i/clk_wiz_0/inst/mmcme4_adv_inst/CLKOUT0
                         net (fo=1, routed)           0.216     5.309    kvq_phase1_bd_i/clk_wiz_0/inst/clk_out1_kvq_phase1_bd_clk_wiz_0_0
    BUFGCE_X1Y17         BUFGCE (Prop_BUFCE_BUFGCE_I_O)
                                                      0.024     5.333 r  kvq_phase1_bd_i/clk_wiz_0/inst/clkout1_buf/O
    X1Y2 (CLOCK_ROOT)    net (fo=31039, routed)       1.894     7.227    kvq_phase1_bd_i/kvq_top_0/inst/u_kvq_top/u_sla/clk
    SLICE_X59Y203        FDCE                                         r  kvq_phase1_bd_i/kvq_top_0/inst/u_kvq_top/u_sla/r_starv_reg[20]/C
                         clock pessimism             -0.328     6.899    
                         clock uncertainty           -0.057     6.842    
    SLICE_X59Y203        FDCE (Recov_EFF_SLICEL_C_CLR)
                                                     -0.066     6.776    kvq_phase1_bd_i/kvq_top_0/inst/u_kvq_top/u_sla/r_starv_reg[20]
  -------------------------------------------------------------------
                         required time                          6.776    
                         arrival time                          -6.762    
  -------------------------------------------------------------------
                         slack                                  0.014    





Min Delay Paths
--------------------------------------------------------------------------------------
Slack (MET) :             0.067ns  (arrival time - required time)
  Source:                 kvq_phase1_bd_i/reset_0/U0/ACTIVE_LOW_PR_OUT_DFF[0].FDRE_PER_N_replica_30/C
                            (rising edge-triggered cell FDRE clocked by clk_out1_kvq_phase1_bd_clk_wiz_0_0  {rise@0.000ns fall@1.250ns period=2.500ns})
  Destination:            kvq_phase1_bd_i/kvq_top_0/inst/u_kvq_top/u_qmgr/deq_req_r_reg[3][kv_address][11]/CLR
                            (removal check against rising-edge clock clk_out1_kvq_phase1_bd_clk_wiz_0_0  {rise@0.000ns fall@1.250ns period=2.500ns})
  Path Group:             **async_default**
  Path Type:              Removal (Min at Slow Process Corner)
  Requirement:            0.000ns  (clk_out1_kvq_phase1_bd_clk_wiz_0_0 rise@0.000ns - clk_out1_kvq_phase1_bd_clk_wiz_0_0 rise@0.000ns)
  Data Path Delay:        0.254ns  (logic 0.060ns (23.624%)  route 0.194ns (76.376%))
  Logic Levels:           0  
  Clock Path Skew:        0.219ns (DCD - SCD - CPR)
    Destination Clock Delay (DCD):    4.690ns
    Source Clock Delay      (SCD):    4.859ns
    Clock Pessimism Removal (CPR):    -0.388ns
  Clock Net Delay (Source):      2.026ns (routing 0.810ns, distribution 1.216ns)
  Clock Net Delay (Destination): 2.334ns (routing 0.891ns, distribution 1.443ns)

    Location             Delay type                Incr(ns)  Path(ns)    Netlist Resource(s)
  -------------------------------------------------------------------    -------------------
                         (clock clk_out1_kvq_phase1_bd_clk_wiz_0_0 rise edge)
                                                      0.000     0.000 r  
    PS8_X0Y0             PS8                          0.000     0.000 r  kvq_phase1_bd_i/ps_e_0/inst/PS8_i/PLCLK[0]
                         net (fo=1, routed)           0.143     0.143    kvq_phase1_bd_i/ps_e_0/inst/pl_clk_unbuffered[0]
    BUFG_PS_X0Y80        BUFG_PS (Prop_BUFG_PS_I_O)
                                                      0.025     0.168 r  kvq_phase1_bd_i/ps_e_0/inst/buffer_pl_clk_0.PL_CLK_0_BUFG/O
                         net (fo=1, routed)           1.795     1.963    kvq_phase1_bd_i/clk_wiz_0/inst/clk_in1
    MMCM_X1Y0            MMCME4_ADV (Prop_MMCM_CLKIN1_CLKOUT0)
                                                      0.630     2.593 r  kvq_phase1_bd_i/clk_wiz_0/inst/mmcme4_adv_inst/CLKOUT0
                         net (fo=1, routed)           0.216     2.809    kvq_phase1_bd_i/clk_wiz_0/inst/clk_out1_kvq_phase1_bd_clk_wiz_0_0
    BUFGCE_X1Y17         BUFGCE (Prop_BUFCE_BUFGCE_I_O)
                                                      0.024     2.833 r  kvq_phase1_bd_i/clk_wiz_0/inst/clkout1_buf/O
    X1Y2 (CLOCK_ROOT)    net (fo=31039, routed)       2.026     4.859    kvq_phase1_bd_i/reset_0/U0/slowest_sync_clk
    SLICE_X79Y238        FDRE                                         r  kvq_phase1_bd_i/reset_0/U0/ACTIVE_LOW_PR_OUT_DFF[0].FDRE_PER_N_replica_30/C
  -------------------------------------------------------------------    -------------------
    SLICE_X79Y238        FDRE (Prop_EFF2_SLICEM_C_Q)
                                                      0.060     4.919 r  kvq_phase1_bd_i/reset_0/U0/ACTIVE_LOW_PR_OUT_DFF[0].FDRE_PER_N_replica_30/Q
                         net (fo=146, routed)         0.194     5.113    kvq_phase1_bd_i/kvq_top_0/inst/u_kvq_top/u_qmgr/peripheral_aresetn[0]_repN_30_alias
    SLICE_X79Y244        FDCE                                         f  kvq_phase1_bd_i/kvq_top_0/inst/u_kvq_top/u_qmgr/deq_req_r_reg[3][kv_address][11]/CLR  (IS_INVERTED)
  -------------------------------------------------------------------    -------------------

                         (clock clk_out1_kvq_phase1_bd_clk_wiz_0_0 rise edge)
                                                      0.000     0.000 r  
    PS8_X0Y0             PS8                          0.000     0.000 r  kvq_phase1_bd_i/ps_e_0/inst/PS8_i/PLCLK[0]
                         net (fo=1, routed)           0.180     0.180    kvq_phase1_bd_i/ps_e_0/inst/pl_clk_unbuffered[0]
    BUFG_PS_X0Y80        BUFG_PS (Prop_BUFG_PS_I_O)
                                                      0.028     0.208 r  kvq_phase1_bd_i/ps_e_0/inst/buffer_pl_clk_0.PL_CLK_0_BUFG/O
                         net (fo=1, routed)           2.002     2.210    kvq_phase1_bd_i/clk_wiz_0/inst/clk_in1
    MMCM_X1Y0            MMCME4_ADV (Prop_MMCM_CLKIN1_CLKOUT0)
                                                     -0.127     2.083 r  kvq_phase1_bd_i/clk_wiz_0/inst/mmcme4_adv_inst/CLKOUT0
                         net (fo=1, routed)           0.245     2.328    kvq_phase1_bd_i/clk_wiz_0/inst/clk_out1_kvq_phase1_bd_clk_wiz_0_0
    BUFGCE_X1Y17         BUFGCE (Prop_BUFCE_BUFGCE_I_O)
                                                      0.028     2.356 r  kvq_phase1_bd_i/clk_wiz_0/inst/clkout1_buf/O
    X1Y2 (CLOCK_ROOT)    net (fo=31039, routed)       2.334     4.690    kvq_phase1_bd_i/kvq_top_0/inst/u_kvq_top/u_qmgr/clk
    SLICE_X79Y244        FDCE                                         r  kvq_phase1_bd_i/kvq_top_0/inst/u_kvq_top/u_qmgr/deq_req_r_reg[3][kv_address][11]/C
                         clock pessimism              0.388     5.078    
    SLICE_X79Y244        FDCE (Remov_CFF_SLICEM_C_CLR)
                                                     -0.032     5.046    kvq_phase1_bd_i/kvq_top_0/inst/u_kvq_top/u_qmgr/deq_req_r_reg[3][kv_address][11]
  -------------------------------------------------------------------
                         required time                         -5.046    
                         arrival time                           5.113    
  -------------------------------------------------------------------
                         slack                                  0.067    





