Copyright 1986-2022 Xilinx, Inc. All Rights Reserved. Copyright 2022-2025 Advanced Micro Devices, Inc. All Rights Reserved.
--------------------------------------------------------------------------------------------------------------------------------------------------
| Tool Version      : Vivado v.2025.2 (lin64) Build 6299465 Fri Nov 14 12:34:56 MST 2025
| Date              : Fri Jun 12 13:34:57 2026
| Host              : jotshawlinux-Legion running 64-bit Ubuntu 24.04.4 LTS
| Command           : report_timing_summary -file /home/jotshawlinux/Downloads/cxl-kv-forge-qos/results/synth/zcu102_timing_summary.rpt
| Design            : kvq_phase1_bd_wrapper
| Device            : xczu7ev-ffvc1156
| Speed File        : -2  PRODUCTION 1.30 05-15-2022
| Design State      : Synthesized
| Temperature Grade : E
--------------------------------------------------------------------------------------------------------------------------------------------------

Timing Summary Report

------------------------------------------------------------------------------------------------
| Timer Settings
| --------------
------------------------------------------------------------------------------------------------

  Enable Multi Corner Analysis               :  Yes
  Enable Pessimism Removal                   :  Yes
  Pessimism Removal Resolution               :  Nearest Common Node
  Enable Input Delay Default Clock           :  No
  Enable Preset / Clear Arcs                 :  No
  Disable Flight Delays                      :  No
  Ignore I/O Paths                           :  No
  Timing Early Launch at Borrowing Latches   :  No
  Borrow Time for Max Delay Exceptions       :  Yes
  Merge Timing Exceptions                    :  Yes
  Inter-SLR Compensation                     :  Conservative

  Corner  Analyze    Analyze    
  Name    Max Paths  Min Paths  
  ------  ---------  ---------  
  Slow    Yes        Yes        
  Fast    Yes        Yes        


------------------------------------------------------------------------------------------------
| Report Methodology
| ------------------
------------------------------------------------------------------------------------------------

No report available as report_methodology has not been run prior. Run report_methodology on the current design for the summary of methodology violations.



check_timing report

Table of Contents
-----------------
1. checking no_clock (8)
2. checking constant_clock (0)
3. checking pulse_width_clock (0)
4. checking unconstrained_internal_endpoints (0)
5. checking no_input_delay (0)
6. checking no_output_delay (0)
7. checking multiple_clock (0)
8. checking generated_clocks (0)
9. checking loops (0)
10. checking partial_input_delay (0)
11. checking partial_output_delay (0)
12. checking latch_loops (0)

1. checking no_clock (8)
------------------------
 There are 8 register/latch pins with no clock (HIGH)


2. checking constant_clock (0)
------------------------------
 There are 0 register/latch pins with constant_clock.


3. checking pulse_width_clock (0)
---------------------------------
 There are 0 register/latch pins which need pulse_width check


4. checking unconstrained_internal_endpoints (0)
------------------------------------------------
 There are 0 pins that are not constrained for maximum delay.

 There are 0 pins that are not constrained for maximum delay due to constant clock.


5. checking no_input_delay (0)
------------------------------
 There are 0 input ports with no input delay specified.

 There are 0 input ports with no input delay but user has a false path constraint.


6. checking no_output_delay (0)
-------------------------------
 There are 0 ports with no output delay specified.

 There are 0 ports with no output delay but user has a false path constraint

 There are 0 ports with no output delay but with a timing clock defined on it or propagating through it


7. checking multiple_clock (0)
------------------------------
 There are 0 register/latch pins with multiple clocks.


8. checking generated_clocks (0)
--------------------------------
 There are 0 generated clocks that are not connected to a clock source.


9. checking loops (0)
---------------------
 There are 0 combinational loops in the design.


10. checking partial_input_delay (0)
------------------------------------
 There are 0 input ports with partial input delay specified.


11. checking partial_output_delay (0)
-------------------------------------
 There are 0 ports with partial output delay specified.


12. checking latch_loops (0)
----------------------------
 There are 0 combinational latch loops in the design through latch input



------------------------------------------------------------------------------------------------
| Design Timing Summary
| ---------------------
------------------------------------------------------------------------------------------------

    WNS(ns)      TNS(ns)  TNS Failing Endpoints  TNS Total Endpoints      WHS(ns)      THS(ns)  THS Failing Endpoints  THS Total Endpoints     WPWS(ns)     TPWS(ns)  TPWS Failing Endpoints  TPWS Total Endpoints  
    -------      -------  ---------------------  -------------------      -------      -------  ---------------------  -------------------     --------     --------  ----------------------  --------------------  
     -0.107       -3.696                     40                85338       -0.107    -1624.798                  40211                85338       -0.500       -2.000                       4                 33968  


Timing constraints are not met.


------------------------------------------------------------------------------------------------
| Clock Summary
| -------------
------------------------------------------------------------------------------------------------

Clock                                 Waveform(ns)         Period(ns)      Frequency(MHz)
-----                                 ------------         ----------      --------------
clk_pl_0                              {0.000 5.156}        10.312          96.974          
  clk_out1_kvq_phase1_bd_clk_wiz_0_0  {0.000 1.250}        2.500           400.019         


------------------------------------------------------------------------------------------------
| Intra Clock Table
| -----------------
------------------------------------------------------------------------------------------------

Clock                                     WNS(ns)      TNS(ns)  TNS Failing Endpoints  TNS Total Endpoints      WHS(ns)      THS(ns)  THS Failing Endpoints  THS Total Endpoints     WPWS(ns)     TPWS(ns)  TPWS Failing Endpoints  TPWS Total Endpoints  
-----                                     -------      -------  ---------------------  -------------------      -------      -------  ---------------------  -------------------     --------     --------  ----------------------  --------------------  
clk_pl_0                                                                                                                                                                                2.062        0.000                       0                     1  
  clk_out1_kvq_phase1_bd_clk_wiz_0_0       -0.107       -3.696                     40                77150       -0.107    -1624.798                  40211                77150       -0.500       -2.000                       4                 33967  


------------------------------------------------------------------------------------------------
| Inter Clock Table
| -----------------
------------------------------------------------------------------------------------------------

From Clock    To Clock          WNS(ns)      TNS(ns)  TNS Failing Endpoints  TNS Total Endpoints      WHS(ns)      THS(ns)  THS Failing Endpoints  THS Total Endpoints  
----------    --------          -------      -------  ---------------------  -------------------      -------      -------  ---------------------  -------------------  


------------------------------------------------------------------------------------------------
| Other Path Groups Table
| -----------------------
------------------------------------------------------------------------------------------------

Path Group                          From Clock                          To Clock                                WNS(ns)      TNS(ns)  TNS Failing Endpoints  TNS Total Endpoints      WHS(ns)      THS(ns)  THS Failing Endpoints  THS Total Endpoints  
----------                          ----------                          --------                                -------      -------  ---------------------  -------------------      -------      -------  ---------------------  -------------------  
**async_default**                   clk_out1_kvq_phase1_bd_clk_wiz_0_0  clk_out1_kvq_phase1_bd_clk_wiz_0_0        1.570        0.000                      0                 8188        0.125        0.000                      0                 8188  


------------------------------------------------------------------------------------------------
| Timing Details
| --------------
------------------------------------------------------------------------------------------------


---------------------------------------------------------------------------------------------------
From Clock:  clk_pl_0
  To Clock:  clk_pl_0

Setup :           NA  Failing Endpoints,  Worst Slack           NA  ,  Total Violation           NA
Hold  :           NA  Failing Endpoints,  Worst Slack           NA  ,  Total Violation           NA
PW    :            0  Failing Endpoints,  Worst Slack        2.062ns,  Total Violation        0.000ns
---------------------------------------------------------------------------------------------------


Pulse Width Checks
--------------------------------------------------------------------------------------
Clock Name:         clk_pl_0
Waveform(ns):       { 0.000 5.156 }
Period(ns):         10.312
Sources:            { kvq_phase1_bd_i/ps_e_0/inst/PS8_i/PLCLK[0] }

Check Type        Corner  Lib Pin            Reference Pin  Required(ns)  Actual(ns)  Slack(ns)  Location  Pin
Min Period        n/a     MMCME4_ADV/CLKIN1  n/a            1.071         10.312      9.241                kvq_phase1_bd_i/clk_wiz_0/inst/mmcme4_adv_inst/CLKIN1
Max Period        n/a     MMCME4_ADV/CLKIN1  n/a            100.000       10.312      89.688               kvq_phase1_bd_i/clk_wiz_0/inst/mmcme4_adv_inst/CLKIN1
Low Pulse Width   Slow    MMCME4_ADV/CLKIN1  n/a            3.094         5.156       2.062                kvq_phase1_bd_i/clk_wiz_0/inst/mmcme4_adv_inst/CLKIN1
High Pulse Width  Slow    MMCME4_ADV/CLKIN1  n/a            3.094         5.156       2.062                kvq_phase1_bd_i/clk_wiz_0/inst/mmcme4_adv_inst/CLKIN1



---------------------------------------------------------------------------------------------------
From Clock:  clk_out1_kvq_phase1_bd_clk_wiz_0_0
  To Clock:  clk_out1_kvq_phase1_bd_clk_wiz_0_0

Setup :           40  Failing Endpoints,  Worst Slack       -0.107ns,  Total Violation       -3.696ns
Hold  :        40211  Failing Endpoints,  Worst Slack       -0.107ns,  Total Violation    -1624.798ns
PW    :            4  Failing Endpoints,  Worst Slack       -0.500ns,  Total Violation       -2.000ns
---------------------------------------------------------------------------------------------------


Max Delay Paths
--------------------------------------------------------------------------------------
Slack (VIOLATED) :        -0.107ns  (required time - arrival time)
  Source:                 kvq_phase1_bd_i/kvq_top_0/inst/u_kvq_top/u_mem/held_tag_reg[1]/C
                            (rising edge-triggered cell FDCE clocked by clk_out1_kvq_phase1_bd_clk_wiz_0_0  {rise@0.000ns fall@1.250ns period=2.500ns})
  Destination:            kvq_phase1_bd_i/kvq_top_0/inst/u_kvq_top/u_sla/r_dmiss_reg[0]/CE
                            (rising edge-triggered cell FDCE clocked by clk_out1_kvq_phase1_bd_clk_wiz_0_0  {rise@0.000ns fall@1.250ns period=2.500ns})
  Path Group:             clk_out1_kvq_phase1_bd_clk_wiz_0_0
  Path Type:              Setup (Max at Slow Process Corner)
  Requirement:            2.500ns  (clk_out1_kvq_phase1_bd_clk_wiz_0_0 rise@2.500ns - clk_out1_kvq_phase1_bd_clk_wiz_0_0 rise@0.000ns)
  Data Path Delay:        2.344ns  (logic 0.901ns (38.439%)  route 1.443ns (61.561%))
  Logic Levels:           10  (CARRY8=4 LUT2=1 LUT4=3 LUT6=2)
  Clock Path Skew:        -0.145ns (DCD - SCD + CPR)
    Destination Clock Delay (DCD):    5.876ns = ( 8.376 - 2.500 ) 
    Source Clock Delay      (SCD):    5.475ns
    Clock Pessimism Removal (CPR):    -0.546ns
  Clock Uncertainty:      0.057ns  ((TSJ^2 + DJ^2)^1/2) / 2 + PE
    Total System Jitter     (TSJ):    0.071ns
    Discrete Jitter          (DJ):    0.090ns
    Phase Error              (PE):    0.000ns

    Location             Delay type                Incr(ns)  Path(ns)    Netlist Resource(s)
  -------------------------------------------------------------------    -------------------
                         (clock clk_out1_kvq_phase1_bd_clk_wiz_0_0 rise edge)
                                                      0.000     0.000 r  
                         PS8                          0.000     0.000 r  kvq_phase1_bd_i/ps_e_0/inst/PS8_i/PLCLK[0]
                         net (fo=1, unplaced)         0.180     0.180    kvq_phase1_bd_i/ps_e_0/inst/pl_clk_unbuffered[0]
                         BUFG_PS (Prop_BUFG_PS_I_O)
                                                      0.028     0.208 r  kvq_phase1_bd_i/ps_e_0/inst/buffer_pl_clk_0.PL_CLK_0_BUFG/O
                         net (fo=1, unplaced)         2.584     2.792    kvq_phase1_bd_i/clk_wiz_0/inst/clk_in1
                         MMCME4_ADV (Prop_MMCME4_ADV_CLKIN1_CLKOUT0)
                                                     -0.127     2.665 r  kvq_phase1_bd_i/clk_wiz_0/inst/mmcme4_adv_inst/CLKOUT0
                         net (fo=1, unplaced)         0.198     2.863    kvq_phase1_bd_i/clk_wiz_0/inst/clk_out1_kvq_phase1_bd_clk_wiz_0_0
                         BUFGCE (Prop_BUFGCE_I_O)     0.028     2.891 r  kvq_phase1_bd_i/clk_wiz_0/inst/clkout1_buf/O
                         net (fo=33965, unplaced)     2.584     5.475    kvq_phase1_bd_i/kvq_top_0/inst/u_kvq_top/u_mem/clk
                         FDCE                                         r  kvq_phase1_bd_i/kvq_top_0/inst/u_kvq_top/u_mem/held_tag_reg[1]/C
  -------------------------------------------------------------------    -------------------
                         FDCE (Prop_FDCE_C_Q)         0.077     5.552 r  kvq_phase1_bd_i/kvq_top_0/inst/u_kvq_top/u_mem/held_tag_reg[1]/Q
                         net (fo=1, unplaced)         0.137     5.689    kvq_phase1_bd_i/kvq_top_0/inst/u_kvq_top/u_lt/complete_tag[1]
                         LUT2 (Prop_LUT2_I1_O)        0.037     5.726 r  kvq_phase1_bd_i/kvq_top_0/inst/u_kvq_top/u_lt/complete_latency[0]_INST_0_i_7/O
                         net (fo=1, unplaced)         0.023     5.749    kvq_phase1_bd_i/kvq_top_0/inst/u_kvq_top/u_lt/complete_latency[0]_INST_0_i_7_n_0
                         CARRY8 (Prop_CARRY8_S[1]_CO[7])
                                                      0.197     5.946 r  kvq_phase1_bd_i/kvq_top_0/inst/u_kvq_top/u_lt/complete_latency[0]_INST_0/CO[7]
                         net (fo=1, unplaced)         0.005     5.951    kvq_phase1_bd_i/kvq_top_0/inst/u_kvq_top/u_lt/complete_latency[0]_INST_0_n_0
                         CARRY8 (Prop_CARRY8_CI_CO[7])
                                                      0.022     5.973 r  kvq_phase1_bd_i/kvq_top_0/inst/u_kvq_top/u_lt/complete_latency[8]_INST_0/CO[7]
                         net (fo=1, unplaced)         0.005     5.978    kvq_phase1_bd_i/kvq_top_0/inst/u_kvq_top/u_lt/complete_latency[8]_INST_0_n_0
                         CARRY8 (Prop_CARRY8_CI_O[5])
                                                      0.116     6.094 r  kvq_phase1_bd_i/kvq_top_0/inst/u_kvq_top/u_lt/complete_latency[16]_INST_0/O[5]
                         net (fo=8, unplaced)         0.169     6.263    kvq_phase1_bd_i/kvq_top_0/inst/u_kvq_top/u_lt/complete_latency[21]
                         LUT4 (Prop_LUT4_I0_O)        0.099     6.362 r  kvq_phase1_bd_i/kvq_top_0/inst/u_kvq_top/u_lt/complete_deadline_miss_INST_0_i_15/O
                         net (fo=1, unplaced)         0.245     6.607    kvq_phase1_bd_i/kvq_top_0/inst/u_kvq_top/u_lt/complete_deadline_miss_INST_0_i_15_n_0
                         CARRY8 (Prop_CARRY8_DI[2]_CO[7])
                                                      0.117     6.724 r  kvq_phase1_bd_i/kvq_top_0/inst/u_kvq_top/u_lt/complete_deadline_miss_INST_0_i_5/CO[7]
                         net (fo=7, unplaced)         0.141     6.865    kvq_phase1_bd_i/kvq_top_0/inst/u_kvq_top/u_lt/complete_deadline_miss_INST_0_i_5_n_0
                         LUT6 (Prop_LUT6_I4_O)        0.038     6.903 r  kvq_phase1_bd_i/kvq_top_0/inst/u_kvq_top/u_lt/complete_deadline_miss_INST_0_i_6/O
                         net (fo=1, unplaced)         0.140     7.043    kvq_phase1_bd_i/kvq_top_0/inst/u_kvq_top/u_lt/complete_deadline_miss_INST_0_i_6_n_0
                         LUT6 (Prop_LUT6_I1_O)        0.090     7.133 r  kvq_phase1_bd_i/kvq_top_0/inst/u_kvq_top/u_lt/complete_deadline_miss_INST_0_i_4/O
                         net (fo=1, unplaced)         0.186     7.319    kvq_phase1_bd_i/kvq_top_0/inst/u_kvq_top/u_lt/complete_deadline_miss_INST_0_i_4_n_0
                         LUT4 (Prop_LUT4_I3_O)        0.038     7.357 r  kvq_phase1_bd_i/kvq_top_0/inst/u_kvq_top/u_lt/complete_deadline_miss_INST_0/O
                         net (fo=3, unplaced)         0.192     7.549    kvq_phase1_bd_i/kvq_top_0/inst/u_kvq_top/u_resp/complete_deadline_miss
                         LUT4 (Prop_LUT4_I2_O)        0.070     7.619 r  kvq_phase1_bd_i/kvq_top_0/inst/u_kvq_top/u_resp/r_dmiss[0]_i_1/O
                         net (fo=32, unplaced)        0.200     7.819    kvq_phase1_bd_i/kvq_top_0/inst/u_kvq_top/u_sla/r_dmiss_reg[31]_0
                         FDCE                                         r  kvq_phase1_bd_i/kvq_top_0/inst/u_kvq_top/u_sla/r_dmiss_reg[0]/CE
  -------------------------------------------------------------------    -------------------

                         (clock clk_out1_kvq_phase1_bd_clk_wiz_0_0 rise edge)
                                                      2.500     2.500 r  
                         PS8                          0.000     2.500 r  kvq_phase1_bd_i/ps_e_0/inst/PS8_i/PLCLK[0]
                         net (fo=1, unplaced)         0.143     2.643    kvq_phase1_bd_i/ps_e_0/inst/pl_clk_unbuffered[0]
                         BUFG_PS (Prop_BUFG_PS_I_O)
                                                      0.025     2.668 r  kvq_phase1_bd_i/ps_e_0/inst/buffer_pl_clk_0.PL_CLK_0_BUFG/O
                         net (fo=1, unplaced)         2.439     5.107    kvq_phase1_bd_i/clk_wiz_0/inst/clk_in1
                         MMCME4_ADV (Prop_MMCME4_ADV_CLKIN1_CLKOUT0)
                                                      0.630     5.737 r  kvq_phase1_bd_i/clk_wiz_0/inst/mmcme4_adv_inst/CLKOUT0
                         net (fo=1, unplaced)         0.176     5.913    kvq_phase1_bd_i/clk_wiz_0/inst/clk_out1_kvq_phase1_bd_clk_wiz_0_0
                         BUFGCE (Prop_BUFGCE_I_O)     0.024     5.937 r  kvq_phase1_bd_i/clk_wiz_0/inst/clkout1_buf/O
                         net (fo=33965, unplaced)     2.439     8.376    kvq_phase1_bd_i/kvq_top_0/inst/u_kvq_top/u_sla/clk
                         FDCE                                         r  kvq_phase1_bd_i/kvq_top_0/inst/u_kvq_top/u_sla/r_dmiss_reg[0]/C
                         clock pessimism             -0.546     7.830    
                         clock uncertainty           -0.057     7.773    
                         FDCE (Setup_FDCE_C_CE)      -0.061     7.712    kvq_phase1_bd_i/kvq_top_0/inst/u_kvq_top/u_sla/r_dmiss_reg[0]
  -------------------------------------------------------------------
                         required time                          7.712    
                         arrival time                          -7.819    
  -------------------------------------------------------------------
                         slack                                 -0.107    





Min Delay Paths
--------------------------------------------------------------------------------------
Slack (VIOLATED) :        -0.107ns  (arrival time - required time)
  Source:                 kvq_phase1_bd_i/smartconnect_data/inst/m00_nodes/m00_b_node/inst/inst_mi_handler/gen_normal_area.gen_fifo_req.inst_fifo_req/gen_xpm_memory_fifo.inst_fifo/gen_mem_rep[0].inst_wr_addra/count_r_reg[2]/C
                            (rising edge-triggered cell FDRE clocked by clk_out1_kvq_phase1_bd_clk_wiz_0_0  {rise@0.000ns fall@1.250ns period=2.500ns})
  Destination:            kvq_phase1_bd_i/smartconnect_data/inst/m00_nodes/m00_b_node/inst/inst_mi_handler/gen_normal_area.gen_fifo_req.inst_fifo_req/gen_xpm_memory_fifo.inst_fifo/gen_mem_rep[0].inst_xpm_memory/xpm_memory_base_inst/gen_wr_a.gen_word_narrow.mem_reg_0_31_0_13/DP/WADR2
                            (rising edge-triggered cell RAMD32 clocked by clk_out1_kvq_phase1_bd_clk_wiz_0_0  {rise@0.000ns fall@1.250ns period=2.500ns})
  Path Group:             clk_out1_kvq_phase1_bd_clk_wiz_0_0
  Path Type:              Hold (Min at Fast Process Corner)
  Requirement:            0.000ns  (clk_out1_kvq_phase1_bd_clk_wiz_0_0 rise@0.000ns - clk_out1_kvq_phase1_bd_clk_wiz_0_0 rise@0.000ns)
  Data Path Delay:        0.100ns  (logic 0.038ns (38.000%)  route 0.062ns (62.000%))
  Logic Levels:           0  
  Clock Path Skew:        0.145ns (DCD - SCD - CPR)
    Destination Clock Delay (DCD):    2.546ns
    Source Clock Delay      (SCD):    2.732ns
    Clock Pessimism Removal (CPR):    -0.331ns

    Location             Delay type                Incr(ns)  Path(ns)    Netlist Resource(s)
  -------------------------------------------------------------------    -------------------
                         (clock clk_out1_kvq_phase1_bd_clk_wiz_0_0 rise edge)
                                                      0.000     0.000 r  
                         PS8                          0.000     0.000 r  kvq_phase1_bd_i/ps_e_0/inst/PS8_i/PLCLK[0]
                         net (fo=1, unplaced)         0.122     0.122    kvq_phase1_bd_i/ps_e_0/inst/pl_clk_unbuffered[0]
                         BUFG_PS (Prop_BUFG_PS_I_O)
                                                      0.017     0.139 r  kvq_phase1_bd_i/ps_e_0/inst/buffer_pl_clk_0.PL_CLK_0_BUFG/O
                         net (fo=1, unplaced)         1.114     1.253    kvq_phase1_bd_i/clk_wiz_0/inst/clk_in1
                         MMCME4_ADV (Prop_MMCME4_ADV_CLKIN1_CLKOUT0)
                                                      0.230     1.483 r  kvq_phase1_bd_i/clk_wiz_0/inst/mmcme4_adv_inst/CLKOUT0
                         net (fo=1, unplaced)         0.118     1.601    kvq_phase1_bd_i/clk_wiz_0/inst/clk_out1_kvq_phase1_bd_clk_wiz_0_0
                         BUFGCE (Prop_BUFGCE_I_O)     0.017     1.618 r  kvq_phase1_bd_i/clk_wiz_0/inst/clkout1_buf/O
                         net (fo=33965, unplaced)     1.114     2.732    kvq_phase1_bd_i/smartconnect_data/inst/m00_nodes/m00_b_node/inst/inst_mi_handler/gen_normal_area.gen_fifo_req.inst_fifo_req/gen_xpm_memory_fifo.inst_fifo/gen_mem_rep[0].inst_wr_addra/s_sc_aclk
                         FDRE                                         r  kvq_phase1_bd_i/smartconnect_data/inst/m00_nodes/m00_b_node/inst/inst_mi_handler/gen_normal_area.gen_fifo_req.inst_fifo_req/gen_xpm_memory_fifo.inst_fifo/gen_mem_rep[0].inst_wr_addra/count_r_reg[2]/C
  -------------------------------------------------------------------    -------------------
                         FDRE (Prop_FDRE_C_Q)         0.038     2.770 r  kvq_phase1_bd_i/smartconnect_data/inst/m00_nodes/m00_b_node/inst/inst_mi_handler/gen_normal_area.gen_fifo_req.inst_fifo_req/gen_xpm_memory_fifo.inst_fifo/gen_mem_rep[0].inst_wr_addra/count_r_reg[2]/Q
                         net (fo=8, unplaced)         0.062     2.832    kvq_phase1_bd_i/smartconnect_data/inst/m00_nodes/m00_b_node/inst/inst_mi_handler/gen_normal_area.gen_fifo_req.inst_fifo_req/gen_xpm_memory_fifo.inst_fifo/gen_mem_rep[0].inst_xpm_memory/xpm_memory_base_inst/gen_wr_a.gen_word_narrow.mem_reg_0_31_0_13/A2
                         RAMD32                                       r  kvq_phase1_bd_i/smartconnect_data/inst/m00_nodes/m00_b_node/inst/inst_mi_handler/gen_normal_area.gen_fifo_req.inst_fifo_req/gen_xpm_memory_fifo.inst_fifo/gen_mem_rep[0].inst_xpm_memory/xpm_memory_base_inst/gen_wr_a.gen_word_narrow.mem_reg_0_31_0_13/DP/WADR2
  -------------------------------------------------------------------    -------------------

                         (clock clk_out1_kvq_phase1_bd_clk_wiz_0_0 rise edge)
                                                      0.000     0.000 r  
                         PS8                          0.000     0.000 r  kvq_phase1_bd_i/ps_e_0/inst/PS8_i/PLCLK[0]
                         net (fo=1, unplaced)         0.154     0.154    kvq_phase1_bd_i/ps_e_0/inst/pl_clk_unbuffered[0]
                         BUFG_PS (Prop_BUFG_PS_I_O)
                                                      0.018     0.172 r  kvq_phase1_bd_i/ps_e_0/inst/buffer_pl_clk_0.PL_CLK_0_BUFG/O
                         net (fo=1, unplaced)         1.259     1.431    kvq_phase1_bd_i/clk_wiz_0/inst/clk_in1
                         MMCME4_ADV (Prop_MMCME4_ADV_CLKIN1_CLKOUT0)
                                                     -0.295     1.136 r  kvq_phase1_bd_i/clk_wiz_0/inst/mmcme4_adv_inst/CLKOUT0
                         net (fo=1, unplaced)         0.132     1.268    kvq_phase1_bd_i/clk_wiz_0/inst/clk_out1_kvq_phase1_bd_clk_wiz_0_0
                         BUFGCE (Prop_BUFGCE_I_O)     0.019     1.287 r  kvq_phase1_bd_i/clk_wiz_0/inst/clkout1_buf/O
                         net (fo=33965, unplaced)     1.259     2.546    kvq_phase1_bd_i/smartconnect_data/inst/m00_nodes/m00_b_node/inst/inst_mi_handler/gen_normal_area.gen_fifo_req.inst_fifo_req/gen_xpm_memory_fifo.inst_fifo/gen_mem_rep[0].inst_xpm_memory/xpm_memory_base_inst/gen_wr_a.gen_word_narrow.mem_reg_0_31_0_13/WCLK
                         RAMD32                                       r  kvq_phase1_bd_i/smartconnect_data/inst/m00_nodes/m00_b_node/inst/inst_mi_handler/gen_normal_area.gen_fifo_req.inst_fifo_req/gen_xpm_memory_fifo.inst_fifo/gen_mem_rep[0].inst_xpm_memory/xpm_memory_base_inst/gen_wr_a.gen_word_narrow.mem_reg_0_31_0_13/DP/CLK
                         clock pessimism              0.331     2.877    
                         RAMD32 (Hold_RAMD32_CLK_WADR2)
                                                      0.062     2.939    kvq_phase1_bd_i/smartconnect_data/inst/m00_nodes/m00_b_node/inst/inst_mi_handler/gen_normal_area.gen_fifo_req.inst_fifo_req/gen_xpm_memory_fifo.inst_fifo/gen_mem_rep[0].inst_xpm_memory/xpm_memory_base_inst/gen_wr_a.gen_word_narrow.mem_reg_0_31_0_13/DP
  -------------------------------------------------------------------
                         required time                         -2.939    
                         arrival time                           2.832    
  -------------------------------------------------------------------
                         slack                                 -0.107    





Pulse Width Checks
--------------------------------------------------------------------------------------
Clock Name:         clk_out1_kvq_phase1_bd_clk_wiz_0_0
Waveform(ns):       { 0.000 1.250 }
Period(ns):         2.500
Sources:            { kvq_phase1_bd_i/clk_wiz_0/inst/mmcme4_adv_inst/CLKOUT0 }

Check Type        Corner  Lib Pin          Reference Pin  Required(ns)  Actual(ns)  Slack(ns)  Location  Pin
Min Period        n/a     PS8/MAXIGP0ACLK  n/a            3.000         2.500       -0.500               kvq_phase1_bd_i/ps_e_0/inst/PS8_i/MAXIGP0ACLK
Low Pulse Width   Slow    PS8/MAXIGP0ACLK  n/a            1.500         1.250       -0.250               kvq_phase1_bd_i/ps_e_0/inst/PS8_i/MAXIGP0ACLK
High Pulse Width  Slow    PS8/MAXIGP0ACLK  n/a            1.500         1.250       -0.250               kvq_phase1_bd_i/ps_e_0/inst/PS8_i/MAXIGP0ACLK



---------------------------------------------------------------------------------------------------
Path Group:  **async_default**
From Clock:  clk_out1_kvq_phase1_bd_clk_wiz_0_0
  To Clock:  clk_out1_kvq_phase1_bd_clk_wiz_0_0

Setup :            0  Failing Endpoints,  Worst Slack        1.570ns,  Total Violation        0.000ns
Hold  :            0  Failing Endpoints,  Worst Slack        0.125ns,  Total Violation        0.000ns
---------------------------------------------------------------------------------------------------


Max Delay Paths
--------------------------------------------------------------------------------------
Slack (MET) :             1.570ns  (required time - arrival time)
  Source:                 kvq_phase1_bd_i/reset_0/U0/ACTIVE_LOW_PR_OUT_DFF[0].FDRE_PER_N/C
                            (rising edge-triggered cell FDRE clocked by clk_out1_kvq_phase1_bd_clk_wiz_0_0  {rise@0.000ns fall@1.250ns period=2.500ns})
  Destination:            kvq_phase1_bd_i/kvq_top_0/inst/u_kvq_top/dl_miss_seen_r_reg/CLR
                            (recovery check against rising-edge clock clk_out1_kvq_phase1_bd_clk_wiz_0_0  {rise@0.000ns fall@1.250ns period=2.500ns})
  Path Group:             **async_default**
  Path Type:              Recovery (Max at Slow Process Corner)
  Requirement:            2.500ns  (clk_out1_kvq_phase1_bd_clk_wiz_0_0 rise@2.500ns - clk_out1_kvq_phase1_bd_clk_wiz_0_0 rise@0.000ns)
  Data Path Delay:        0.662ns  (logic 0.115ns (17.372%)  route 0.547ns (82.628%))
  Logic Levels:           1  (LUT1=1)
  Clock Path Skew:        -0.145ns (DCD - SCD + CPR)
    Destination Clock Delay (DCD):    5.876ns = ( 8.376 - 2.500 ) 
    Source Clock Delay      (SCD):    5.475ns
    Clock Pessimism Removal (CPR):    -0.546ns
  Clock Uncertainty:      0.057ns  ((TSJ^2 + DJ^2)^1/2) / 2 + PE
    Total System Jitter     (TSJ):    0.071ns
    Discrete Jitter          (DJ):    0.090ns
    Phase Error              (PE):    0.000ns

    Location             Delay type                Incr(ns)  Path(ns)    Netlist Resource(s)
  -------------------------------------------------------------------    -------------------
                         (clock clk_out1_kvq_phase1_bd_clk_wiz_0_0 rise edge)
                                                      0.000     0.000 r  
                         PS8                          0.000     0.000 r  kvq_phase1_bd_i/ps_e_0/inst/PS8_i/PLCLK[0]
                         net (fo=1, unplaced)         0.180     0.180    kvq_phase1_bd_i/ps_e_0/inst/pl_clk_unbuffered[0]
                         BUFG_PS (Prop_BUFG_PS_I_O)
                                                      0.028     0.208 r  kvq_phase1_bd_i/ps_e_0/inst/buffer_pl_clk_0.PL_CLK_0_BUFG/O
                         net (fo=1, unplaced)         2.584     2.792    kvq_phase1_bd_i/clk_wiz_0/inst/clk_in1
                         MMCME4_ADV (Prop_MMCME4_ADV_CLKIN1_CLKOUT0)
                                                     -0.127     2.665 r  kvq_phase1_bd_i/clk_wiz_0/inst/mmcme4_adv_inst/CLKOUT0
                         net (fo=1, unplaced)         0.198     2.863    kvq_phase1_bd_i/clk_wiz_0/inst/clk_out1_kvq_phase1_bd_clk_wiz_0_0
                         BUFGCE (Prop_BUFGCE_I_O)     0.028     2.891 r  kvq_phase1_bd_i/clk_wiz_0/inst/clkout1_buf/O
                         net (fo=33965, unplaced)     2.584     5.475    kvq_phase1_bd_i/reset_0/U0/slowest_sync_clk
                         FDRE                                         r  kvq_phase1_bd_i/reset_0/U0/ACTIVE_LOW_PR_OUT_DFF[0].FDRE_PER_N/C
  -------------------------------------------------------------------    -------------------
                         FDRE (Prop_FDRE_C_Q)         0.077     5.552 r  kvq_phase1_bd_i/reset_0/U0/ACTIVE_LOW_PR_OUT_DFF[0].FDRE_PER_N/Q
                         net (fo=16, unplaced)        0.181     5.733    kvq_phase1_bd_i/kvq_top_0/inst/u_kvq_top/u_mem/u_bram/rst_n
                         LUT1 (Prop_LUT1_I0_O)        0.038     5.771 f  kvq_phase1_bd_i/kvq_top_0/inst/u_kvq_top/u_mem/u_bram/tvalid_r_i_2/O
                         net (fo=6589, unplaced)      0.366     6.137    kvq_phase1_bd_i/kvq_top_0/inst/u_kvq_top/u_mem_n_0
                         FDCE                                         f  kvq_phase1_bd_i/kvq_top_0/inst/u_kvq_top/dl_miss_seen_r_reg/CLR
  -------------------------------------------------------------------    -------------------

                         (clock clk_out1_kvq_phase1_bd_clk_wiz_0_0 rise edge)
                                                      2.500     2.500 r  
                         PS8                          0.000     2.500 r  kvq_phase1_bd_i/ps_e_0/inst/PS8_i/PLCLK[0]
                         net (fo=1, unplaced)         0.143     2.643    kvq_phase1_bd_i/ps_e_0/inst/pl_clk_unbuffered[0]
                         BUFG_PS (Prop_BUFG_PS_I_O)
                                                      0.025     2.668 r  kvq_phase1_bd_i/ps_e_0/inst/buffer_pl_clk_0.PL_CLK_0_BUFG/O
                         net (fo=1, unplaced)         2.439     5.107    kvq_phase1_bd_i/clk_wiz_0/inst/clk_in1
                         MMCME4_ADV (Prop_MMCME4_ADV_CLKIN1_CLKOUT0)
                                                      0.630     5.737 r  kvq_phase1_bd_i/clk_wiz_0/inst/mmcme4_adv_inst/CLKOUT0
                         net (fo=1, unplaced)         0.176     5.913    kvq_phase1_bd_i/clk_wiz_0/inst/clk_out1_kvq_phase1_bd_clk_wiz_0_0
                         BUFGCE (Prop_BUFGCE_I_O)     0.024     5.937 r  kvq_phase1_bd_i/clk_wiz_0/inst/clkout1_buf/O
                         net (fo=33965, unplaced)     2.439     8.376    kvq_phase1_bd_i/kvq_top_0/inst/u_kvq_top/clk
                         FDCE                                         r  kvq_phase1_bd_i/kvq_top_0/inst/u_kvq_top/dl_miss_seen_r_reg/C
                         clock pessimism             -0.546     7.830    
                         clock uncertainty           -0.057     7.773    
                         FDCE (Recov_FDCE_C_CLR)     -0.066     7.707    kvq_phase1_bd_i/kvq_top_0/inst/u_kvq_top/dl_miss_seen_r_reg
  -------------------------------------------------------------------
                         required time                          7.707    
                         arrival time                          -6.137    
  -------------------------------------------------------------------
                         slack                                  1.570    





Min Delay Paths
--------------------------------------------------------------------------------------
Slack (MET) :             0.125ns  (arrival time - required time)
  Source:                 kvq_phase1_bd_i/reset_0/U0/ACTIVE_LOW_PR_OUT_DFF[0].FDRE_PER_N/C
                            (rising edge-triggered cell FDRE clocked by clk_out1_kvq_phase1_bd_clk_wiz_0_0  {rise@0.000ns fall@1.250ns period=2.500ns})
  Destination:            kvq_phase1_bd_i/kvq_top_0/inst/u_kvq_top/u_lt/cycle_r_reg[0]/CLR
                            (removal check against rising-edge clock clk_out1_kvq_phase1_bd_clk_wiz_0_0  {rise@0.000ns fall@1.250ns period=2.500ns})
  Path Group:             **async_default**
  Path Type:              Removal (Min at Fast Process Corner)
  Requirement:            0.000ns  (clk_out1_kvq_phase1_bd_clk_wiz_0_0 rise@0.000ns - clk_out1_kvq_phase1_bd_clk_wiz_0_0 rise@0.000ns)
  Data Path Delay:        0.250ns  (logic 0.052ns (20.800%)  route 0.198ns (79.200%))
  Logic Levels:           1  (LUT1=1)
  Clock Path Skew:        0.145ns (DCD - SCD - CPR)
    Destination Clock Delay (DCD):    2.546ns
    Source Clock Delay      (SCD):    2.732ns
    Clock Pessimism Removal (CPR):    -0.331ns

    Location             Delay type                Incr(ns)  Path(ns)    Netlist Resource(s)
  -------------------------------------------------------------------    -------------------
                         (clock clk_out1_kvq_phase1_bd_clk_wiz_0_0 rise edge)
                                                      0.000     0.000 r  
                         PS8                          0.000     0.000 r  kvq_phase1_bd_i/ps_e_0/inst/PS8_i/PLCLK[0]
                         net (fo=1, unplaced)         0.122     0.122    kvq_phase1_bd_i/ps_e_0/inst/pl_clk_unbuffered[0]
                         BUFG_PS (Prop_BUFG_PS_I_O)
                                                      0.017     0.139 r  kvq_phase1_bd_i/ps_e_0/inst/buffer_pl_clk_0.PL_CLK_0_BUFG/O
                         net (fo=1, unplaced)         1.114     1.253    kvq_phase1_bd_i/clk_wiz_0/inst/clk_in1
                         MMCME4_ADV (Prop_MMCME4_ADV_CLKIN1_CLKOUT0)
                                                      0.230     1.483 r  kvq_phase1_bd_i/clk_wiz_0/inst/mmcme4_adv_inst/CLKOUT0
                         net (fo=1, unplaced)         0.118     1.601    kvq_phase1_bd_i/clk_wiz_0/inst/clk_out1_kvq_phase1_bd_clk_wiz_0_0
                         BUFGCE (Prop_BUFGCE_I_O)     0.017     1.618 r  kvq_phase1_bd_i/clk_wiz_0/inst/clkout1_buf/O
                         net (fo=33965, unplaced)     1.114     2.732    kvq_phase1_bd_i/reset_0/U0/slowest_sync_clk
                         FDRE                                         r  kvq_phase1_bd_i/reset_0/U0/ACTIVE_LOW_PR_OUT_DFF[0].FDRE_PER_N/C
  -------------------------------------------------------------------    -------------------
                         FDRE (Prop_FDRE_C_Q)         0.038     2.770 r  kvq_phase1_bd_i/reset_0/U0/ACTIVE_LOW_PR_OUT_DFF[0].FDRE_PER_N/Q
                         net (fo=16, unplaced)        0.090     2.860    kvq_phase1_bd_i/kvq_top_0/inst/u_kvq_top/u_lt/rst_n
                         LUT1 (Prop_LUT1_I0_O)        0.014     2.874 f  kvq_phase1_bd_i/kvq_top_0/inst/u_kvq_top/u_lt/cycle_r[31]_i_2/O
                         net (fo=32, unplaced)        0.108     2.982    kvq_phase1_bd_i/kvq_top_0/inst/u_kvq_top/u_lt/cycle_r[31]_i_2_n_0
                         FDCE                                         f  kvq_phase1_bd_i/kvq_top_0/inst/u_kvq_top/u_lt/cycle_r_reg[0]/CLR
  -------------------------------------------------------------------    -------------------

                         (clock clk_out1_kvq_phase1_bd_clk_wiz_0_0 rise edge)
                                                      0.000     0.000 r  
                         PS8                          0.000     0.000 r  kvq_phase1_bd_i/ps_e_0/inst/PS8_i/PLCLK[0]
                         net (fo=1, unplaced)         0.154     0.154    kvq_phase1_bd_i/ps_e_0/inst/pl_clk_unbuffered[0]
                         BUFG_PS (Prop_BUFG_PS_I_O)
                                                      0.018     0.172 r  kvq_phase1_bd_i/ps_e_0/inst/buffer_pl_clk_0.PL_CLK_0_BUFG/O
                         net (fo=1, unplaced)         1.259     1.431    kvq_phase1_bd_i/clk_wiz_0/inst/clk_in1
                         MMCME4_ADV (Prop_MMCME4_ADV_CLKIN1_CLKOUT0)
                                                     -0.295     1.136 r  kvq_phase1_bd_i/clk_wiz_0/inst/mmcme4_adv_inst/CLKOUT0
                         net (fo=1, unplaced)         0.132     1.268    kvq_phase1_bd_i/clk_wiz_0/inst/clk_out1_kvq_phase1_bd_clk_wiz_0_0
                         BUFGCE (Prop_BUFGCE_I_O)     0.019     1.287 r  kvq_phase1_bd_i/clk_wiz_0/inst/clkout1_buf/O
                         net (fo=33965, unplaced)     1.259     2.546    kvq_phase1_bd_i/kvq_top_0/inst/u_kvq_top/u_lt/clk
                         FDCE                                         r  kvq_phase1_bd_i/kvq_top_0/inst/u_kvq_top/u_lt/cycle_r_reg[0]/C
                         clock pessimism              0.331     2.877    
                         FDCE (Remov_FDCE_C_CLR)     -0.020     2.857    kvq_phase1_bd_i/kvq_top_0/inst/u_kvq_top/u_lt/cycle_r_reg[0]
  -------------------------------------------------------------------
                         required time                         -2.857    
                         arrival time                           2.982    
  -------------------------------------------------------------------
                         slack                                  0.125    





